[Licensing::Module] Trying to connect to existing licensing client channel...
Built from '6000.3/staging' branch; Version is '6000.3.8f1 (1c7db571dde0) revision 1867189'; Using compiler version '194234433'; Build Type 'Release'
[Licensing::IpcConnector] Successfully connected to: "LicenseClient-ksj42" at "2026-07-25T13:54:05.392904Z"
OS: 'Windows 11  (10.0.26200) Professional' Language: 'ko' Physical Memory: 32691 MB
BatchMode: 1, IsHumanControllingUs: 0, StartBugReporterOnCrash: 0, Is64bit: 1
System  architecture: x64
Process architecture: x64
Date: 2026-07-25T13:54:05Z

COMMAND LINE ARGUMENTS:
D:\Program files\Unity\Hub\Editor\6000.3.8f1\Editor\Unity.exe
-runTests
-batchmode
-projectPath
D:\바탕화면\study\03.portfolio\04.unity-game\sentaur-survivors
-testPlatform
PlayMode
-testResults
D:\바탕화면\study\03.portfolio\game-qa-portfolio\01.game-automation\04.unity-utf\results\results.xml
-logFile
D:\바탕화면\study\03.portfolio\game-qa-portfolio\01.game-automation\04.unity-utf\results\unity.log
Successfully changed project path to: D:\바탕화면\study\03.portfolio\04.unity-game\sentaur-survivors
D:/바탕화면/study/03.portfolio/04.unity-game/sentaur-survivors
[UnityMemory] Configuration Parameters - Can be set up in boot.config
    "memorysetup-temp-allocator-size-nav-mesh-worker=65536"
    "memorysetup-temp-allocator-size-audio-worker=65536"
    "memorysetup-temp-allocator-size-gfx=262144"
    "memorysetup-allocator-temp-initial-block-size-main=262144"
    "memorysetup-allocator-temp-initial-block-size-worker=262144"
    "memorysetup-temp-allocator-size-background-worker=32768"
    "memorysetup-temp-allocator-size-job-worker=262144"
    "memorysetup-temp-allocator-size-preload-manager=33554432"
    "memorysetup-temp-allocator-size-gi-baking-worker=262144"
    "memorysetup-temp-allocator-size-gi-baking-worker=262144"
    "memorysetup-temp-allocator-size-gi-baking-worker=262144"
    "memorysetup-temp-allocator-size-gi-baking-worker=262144"
    "memorysetup-temp-allocator-size-gi-baking-worker=262144"
    "memorysetup-bucket-allocator-granularity=16"
    "memorysetup-bucket-allocator-bucket-count=8"
    "memorysetup-bucket-allocator-block-size=33554432"
    "memorysetup-bucket-allocator-block-count=8"
    "memorysetup-main-allocator-block-size=16777216"
    "memorysetup-thread-allocator-block-size=16777216"
    "memorysetup-gfx-main-allocator-block-size=16777216"
    "memorysetup-gfx-thread-allocator-block-size=16777216"
    "memorysetup-cache-allocator-block-size=4194304"
    "memorysetup-typetree-allocator-block-size=2097152"
    "memorysetup-profiler-bucket-allocator-granularity=16"
    "memorysetup-profiler-bucket-allocator-bucket-count=8"
    "memorysetup-profiler-bucket-allocator-block-size=33554432"
    "memorysetup-profiler-bucket-allocator-block-count=8"
    "memorysetup-profiler-allocator-block-size=16777216"
    "memorysetup-profiler-editor-allocator-block-size=1048576"
    "memorysetup-temp-allocator-size-main=16777216"
    "memorysetup-job-temp-allocator-block-size=2097152"
    "memorysetup-job-temp-allocator-block-size-background=1048576"
    "memorysetup-job-temp-allocator-reduction-small-platforms=262144"
    "memorysetup-temp-allocator-size-cloud-worker=32768"
Player connection [62564]  Target information:

Player connection [62564]  * "[IP] 211.216.204.114 [Port] 55504 [Flags] 2 [Guid] 2666002184 [EditorId] 2666002184 [Version] 1048832 [Id] WindowsEditor(7,DESKTOP-24O987R) [Debug] 1 [PackageName] WindowsEditor [ProjectName] Editor" 

Player connection [62564]  * "[IP] 172.25.240.1 [Port] 55504 [Flags] 2 [Guid] 2666002184 [EditorId] 2666002184 [Version] 1048832 [Id] WindowsEditor(7,DESKTOP-24O987R) [Debug] 1 [PackageName] WindowsEditor [ProjectName] Editor" 

Player connection [62564]  * "[IP] 172.17.48.1 [Port] 55504 [Flags] 2 [Guid] 2666002184 [EditorId] 2666002184 [Version] 1048832 [Id] WindowsEditor(7,DESKTOP-24O987R) [Debug] 1 [PackageName] WindowsEditor [ProjectName] Editor" 

Player connection [62564] Host joined multi-casting on [225.0.0.222:54997]...
Player connection [62564] Host joined alternative multi-casting on [225.0.0.222:34997]...
Input System module state changed to: Initialized.
[Physics::Module] Initialized fallback backend.
[Physics::Module] Id: 0xdecafbad
[Package Manager] Connected to IPC stream "Upm-49736" after 1.0 seconds.
[Licensing::Module] Licensing is not yet initialized.
[Licensing::Client] Handshaking with LicensingClient:
  Version:                 1.17.4+4293ba1
  Session Id:              12a04813ebc84e338fa37a61ae0db065
  Correlation Id:          6d264ac9962e6c6961e5f2fc89ea4dd4
  External correlation Id: 8625995893765372478
  Machine Id:              k6Rq5YhPUZQBoi2A1SzCuTh2F1A=
[Licensing::Module] Successfully connected to LicensingClient on channel: "LicenseClient-ksj42" (connect: 0.00s, validation: 0.01s, handshake: 3.72s)
[Licensing::IpcConnector] Successfully connected to: "LicenseClient-ksj42-notifications" at "2026-07-25T13:54:09.1200431Z"
[Licensing::Module] Error: Access token is unavailable; failed to update
[Licensing::Client] Successfully resolved entitlement details
[Licensing::Module] License group:
  Id: 14569782746462-UnityPersXXXX
  Product: Unity Personal
  Type: Assigned
  Expiration: Unlimited
[Licensing::Client] Successfully updated license, isAsync: True, time: 0.00
[Licensing::Module] Licensing Background thread has ended after 3.74s
[Licensing::Module] Licensing is initialized (took 2.12s).
[Licensing::Client] Successfully resolved entitlement details
Library Redirect Path: Library/
[Physics::Module] Selected backend.
[Physics::Module] Name: PhysX
[Physics::Module] Id: 0xf2b8ea05
[Physics::Module] SDK Version: 4.1.2
[Physics::Module] Integration Version: 1.0.0
[Physics::Module] Threading Mode: Multi-Threaded
Refreshing native plugins compatible for Editor in 3.70 ms, found 0 plugins.
Preloading 0 native plugins for Editor in 0.00 ms.
Initialize engine version: 6000.3.8f1 (1c7db571dde0)
[Subsystems] Discovering subsystems at path D:/Program files/Unity/Hub/Editor/6000.3.8f1/Editor/Data/Resources/UnitySubsystems
[Subsystems] Discovering subsystems at path D:/바탕화면/study/03.portfolio/04.unity-game/sentaur-survivors/Assets
GfxDevice: creating device client; kGfxThreadingModeNonThreaded
Direct3D:
    Version:  Direct3D 11.0 [level 11.1]
    Renderer: NVIDIA GeForce RTX 3070 (ID=0x2484)
    Vendor:   NVIDIA
    VRAM:     8018 MB
    Driver:   32.0.15.9649
Initialize mono
Mono path[0] = 'D:/Program files/Unity/Hub/Editor/6000.3.8f1/Editor/Data/Managed'
Mono path[1] = 'D:/Program files/Unity/Hub/Editor/6000.3.8f1/Editor/Data/MonoBleedingEdge/lib/mono/unityjit-win32'
Mono config path = 'D:/Program files/Unity/Hub/Editor/6000.3.8f1/Editor/Data/MonoBleedingEdge/etc'
Using monoOptions --debugger-agent=transport=dt_socket,embedding=1,server=y,suspend=n,address=127.0.0.1:56736
Using cacheserver namespaces - metadata:defaultmetadata, artifacts:defaultartifacts
Using cacheserver namespaces - metadata:defaultmetadata, artifacts:defaultartifacts
ImportWorker Server TCP listen port: 0
AcceleratorClientConnectionCallback - disconnected - :0
Begin MonoManager ReloadAssembly
Registering precompiled unity dll's ...
Register platform support module: D:/Program files/Unity/Hub/Editor/6000.3.8f1/Editor/Data/PlaybackEngines/WindowsStandaloneSupport/UnityEditor.WindowsStandalone.Extensions.dll
[Licensing::Client] Successfully resolved entitlement details
Register platform support module: D:/Program files/Unity/Hub/Editor/6000.3.8f1/Editor/Data/PlaybackEngines/AndroidPlayer/UnityEditor.Android.Extensions.dll
Registered in 0.012579 seconds.
- Loaded All Assemblies, in  0.899 seconds
Native extension for Android target not found
Android Extension - Scanning For ADB Devices 2575 ms
Native extension for WindowsStandalone target not found
ScheduleIndexationOnStartup MainProcess:False IndexOnStartup:True
Mono: successfully reloaded assembly
- Finished resetting the current domain, in  3.238 seconds
Domain Reload Profiling: 4137ms
	BeginReloadAssembly (468ms)
		ExecutionOrderSort (0ms)
		DisableScriptedObjects (0ms)
		BackupInstance (0ms)
		ReleaseScriptingObjects (0ms)
		CreateAndSetChildDomain (27ms)
	RebuildCommonClasses (86ms)
	RebuildNativeTypeToScriptingClass (15ms)
	initialDomainReloadingComplete (86ms)
	LoadAllAssembliesAndSetupDomain (243ms)
		LoadAssemblies (439ms)
		RebuildTransferFunctionScriptingTraits (0ms)
		AnalyzeDomain (234ms)
			TypeCache.Refresh (232ms)
				TypeCache.ScanAssembly (212ms)
			BuildScriptInfoCaches (0ms)
			ResolveRequiredComponents (1ms)
	FinalizeReload (3239ms)
		ReleaseScriptCaches (0ms)
		RebuildScriptCaches (0ms)
		SetupLoadedEditorAssemblies (3191ms)
			LogAssemblyErrors (0ms)
			InitializePlatformSupportModulesInManaged (2699ms)
			SetLoadedEditorAssemblies (5ms)
			BeforeProcessingInitializeOnLoad (119ms)
			ProcessInitializeOnLoadAttributes (231ms)
			ProcessInitializeOnLoadMethodAttributes (137ms)
			AfterProcessingInitializeOnLoad (0ms)
			EditorAssembliesLoaded (0ms)
		ExecutionOrderSort2 (0ms)
		AwakeInstancesAfterBackupRestoration (0ms)
[Licensing::Client] Successfully resolved entitlement details
Application.AssetDatabase Initial Refresh Start
Package Manager log level set to [2]
[Package Manager] Restoring resolved packages state from cache
[Licensing::Client] Successfully resolved entitlement details
[Package Manager] Registered 69 packages:
  Packages from [https://packages.unity.com]:
    com.unity.collab-proxy@2.11.3 (location: D:\바탕화면\study\03.portfolio\04.unity-game\sentaur-survivors\Library\PackageCache\com.unity.collab-proxy@e566cd3e7623)
    com.unity.ide.rider@3.0.39 (location: D:\바탕화면\study\03.portfolio\04.unity-game\sentaur-survivors\Library\PackageCache\com.unity.ide.rider@4504839d03f7)
    com.unity.ide.visualstudio@2.0.26 (location: D:\바탕화면\study\03.portfolio\04.unity-game\sentaur-survivors\Library\PackageCache\com.unity.ide.visualstudio@a99d56dec63f)
    com.unity.inputsystem@1.18.0 (location: D:\바탕화면\study\03.portfolio\04.unity-game\sentaur-survivors\Library\PackageCache\com.unity.inputsystem@57d0e36f6123)
    com.unity.mobile.android-logcat@1.4.7 (location: D:\바탕화면\study\03.portfolio\04.unity-game\sentaur-survivors\Library\PackageCache\com.unity.mobile.android-logcat@a8a404f035b3)
    com.unity.timeline@1.8.10 (location: D:\바탕화면\study\03.portfolio\04.unity-game\sentaur-survivors\Library\PackageCache\com.unity.timeline@7f8b2fb101b6)
    com.unity.visualscripting@1.9.9 (location: D:\바탕화면\study\03.portfolio\04.unity-game\sentaur-survivors\Library\PackageCache\com.unity.visualscripting@191c0d7e3b69)
    com.unity.2d.animation@13.0.4 (location: D:\바탕화면\study\03.portfolio\04.unity-game\sentaur-survivors\Library\PackageCache\com.unity.2d.animation@7396d8477ca9)
    com.unity.2d.pixel-perfect@5.1.1 (location: D:\바탕화면\study\03.portfolio\04.unity-game\sentaur-survivors\Library\PackageCache\com.unity.2d.pixel-perfect@09d99455b901)
    com.unity.2d.psdimporter@12.0.1 (location: D:\바탕화면\study\03.portfolio\04.unity-game\sentaur-survivors\Library\PackageCache\com.unity.2d.psdimporter@9abe0f7cac7e)
    com.unity.2d.spriteshape@13.0.0 (location: D:\바탕화면\study\03.portfolio\04.unity-game\sentaur-survivors\Library\PackageCache\com.unity.2d.spriteshape@0738bab11647)
    com.unity.2d.tilemap.extras@6.0.1 (location: D:\바탕화면\study\03.portfolio\04.unity-game\sentaur-survivors\Library\PackageCache\com.unity.2d.tilemap.extras@3dde84bf3867)
    com.unity.2d.aseprite@3.0.1 (location: D:\바탕화면\study\03.portfolio\04.unity-game\sentaur-survivors\Library\PackageCache\com.unity.2d.aseprite@809e3a168ff7)
    com.unity.2d.tooling@1.0.2 (location: D:\바탕화면\study\03.portfolio\04.unity-game\sentaur-survivors\Library\PackageCache\com.unity.2d.tooling@249995156768)
    com.unity.searcher@4.9.4 (location: D:\바탕화면\study\03.portfolio\04.unity-game\sentaur-survivors\Library\PackageCache\com.unity.searcher@d45a78918735)
    com.unity.burst@1.8.27 (location: D:\바탕화면\study\03.portfolio\04.unity-game\sentaur-survivors\Library\PackageCache\com.unity.burst@973857688024)
    com.unity.mathematics@1.3.3 (location: D:\바탕화면\study\03.portfolio\04.unity-game\sentaur-survivors\Library\PackageCache\com.unity.mathematics@19a9377c4ffa)
    com.unity.collections@2.6.2 (location: D:\바탕화면\study\03.portfolio\04.unity-game\sentaur-survivors\Library\PackageCache\com.unity.collections@aea9d3bd5e19)
    com.unity.2d.common@12.0.2 (location: D:\바탕화면\study\03.portfolio\04.unity-game\sentaur-survivors\Library\PackageCache\com.unity.2d.common@800085e896ad)
    com.unity.nuget.mono-cecil@1.11.6 (location: D:\바탕화면\study\03.portfolio\04.unity-game\sentaur-survivors\Library\PackageCache\com.unity.nuget.mono-cecil@ecb9724e46ff)
    com.unity.test-framework.performance@3.2.0 (location: D:\바탕화면\study\03.portfolio\04.unity-game\sentaur-survivors\Library\PackageCache\com.unity.test-framework.performance@0840f58e4562)
  Built-in packages:
    com.unity.feature.2d@2.0.2 (location: D:\바탕화면\study\03.portfolio\04.unity-game\sentaur-survivors\Library\PackageCache\com.unity.feature.2d@0309d34ea7f2)
    com.unity.multiplayer.center@1.0.1 (location: D:\바탕화면\study\03.portfolio\04.unity-game\sentaur-survivors\Library\PackageCache\com.unity.multiplayer.center@f01f4ba8d00a)
    com.unity.render-pipelines.universal@17.3.0 (location: D:\바탕화면\study\03.portfolio\04.unity-game\sentaur-survivors\Library\PackageCache\com.unity.render-pipelines.universal@a6e30d1f59f5)
    com.unity.test-framework@1.6.0 (location: D:\바탕화면\study\03.portfolio\04.unity-game\sentaur-survivors\Library\PackageCache\com.unity.test-framework@0b7a23ab2e1d)
    com.unity.ugui@2.0.0 (location: D:\바탕화면\study\03.portfolio\04.unity-game\sentaur-survivors\Library\PackageCache\com.unity.ugui@bb329a87fcdc)
    com.unity.modules.accessibility@1.0.0 (location: D:\바탕화면\study\03.portfolio\04.unity-game\sentaur-survivors\Library\PackageCache\com.unity.modules.accessibility)
    com.unity.modules.adaptiveperformance@1.0.0 (location: D:\바탕화면\study\03.portfolio\04.unity-game\sentaur-survivors\Library\PackageCache\com.unity.modules.adaptiveperformance)
    com.unity.modules.ai@1.0.0 (location: D:\바탕화면\study\03.portfolio\04.unity-game\sentaur-survivors\Library\PackageCache\com.unity.modules.ai)
    com.unity.modules.androidjni@1.0.0 (location: D:\바탕화면\study\03.portfolio\04.unity-game\sentaur-survivors\Library\PackageCache\com.unity.modules.androidjni)
    com.unity.modules.animation@1.0.0 (location: D:\바탕화면\study\03.portfolio\04.unity-game\sentaur-survivors\Library\PackageCache\com.unity.modules.animation)
    com.unity.modules.assetbundle@1.0.0 (location: D:\바탕화면\study\03.portfolio\04.unity-game\sentaur-survivors\Library\PackageCache\com.unity.modules.assetbundle)
    com.unity.modules.audio@1.0.0 (location: D:\바탕화면\study\03.portfolio\04.unity-game\sentaur-survivors\Library\PackageCache\com.unity.modules.audio)
    com.unity.modules.cloth@1.0.0 (location: D:\바탕화면\study\03.portfolio\04.unity-game\sentaur-survivors\Library\PackageCache\com.unity.modules.cloth)
    com.unity.modules.director@1.0.0 (location: D:\바탕화면\study\03.portfolio\04.unity-game\sentaur-survivors\Library\PackageCache\com.unity.modules.director)
    com.unity.modules.imageconversion@1.0.0 (location: D:\바탕화면\study\03.portfolio\04.unity-game\sentaur-survivors\Library\PackageCache\com.unity.modules.imageconversion)
    com.unity.modules.imgui@1.0.0 (location: D:\바탕화면\study\03.portfolio\04.unity-game\sentaur-survivors\Library\PackageCache\com.unity.modules.imgui)
    com.unity.modules.jsonserialize@1.0.0 (location: D:\바탕화면\study\03.portfolio\04.unity-game\sentaur-survivors\Library\PackageCache\com.unity.modules.jsonserialize)
    com.unity.modules.particlesystem@1.0.0 (location: D:\바탕화면\study\03.portfolio\04.unity-game\sentaur-survivors\Library\PackageCache\com.unity.modules.particlesystem)
    com.unity.modules.physics@1.0.0 (location: D:\바탕화면\study\03.portfolio\04.unity-game\sentaur-survivors\Library\PackageCache\com.unity.modules.physics)
    com.unity.modules.physics2d@1.0.0 (location: D:\바탕화면\study\03.portfolio\04.unity-game\sentaur-survivors\Library\PackageCache\com.unity.modules.physics2d)
    com.unity.modules.screencapture@1.0.0 (location: D:\바탕화면\study\03.portfolio\04.unity-game\sentaur-survivors\Library\PackageCache\com.unity.modules.screencapture)
    com.unity.modules.terrain@1.0.0 (location: D:\바탕화면\study\03.portfolio\04.unity-game\sentaur-survivors\Library\PackageCache\com.unity.modules.terrain)
    com.unity.modules.terrainphysics@1.0.0 (location: D:\바탕화면\study\03.portfolio\04.unity-game\sentaur-survivors\Library\PackageCache\com.unity.modules.terrainphysics)
    com.unity.modules.tilemap@1.0.0 (location: D:\바탕화면\study\03.portfolio\04.unity-game\sentaur-survivors\Library\PackageCache\com.unity.modules.tilemap)
    com.unity.modules.ui@1.0.0 (location: D:\바탕화면\study\03.portfolio\04.unity-game\sentaur-survivors\Library\PackageCache\com.unity.modules.ui)
    com.unity.modules.uielements@1.0.0 (location: D:\바탕화면\study\03.portfolio\04.unity-game\sentaur-survivors\Library\PackageCache\com.unity.modules.uielements)
    com.unity.modules.umbra@1.0.0 (location: D:\바탕화면\study\03.portfolio\04.unity-game\sentaur-survivors\Library\PackageCache\com.unity.modules.umbra)
    com.unity.modules.unityanalytics@1.0.0 (location: D:\바탕화면\study\03.portfolio\04.unity-game\sentaur-survivors\Library\PackageCache\com.unity.modules.unityanalytics)
    com.unity.modules.unitywebrequest@1.0.0 (location: D:\바탕화면\study\03.portfolio\04.unity-game\sentaur-survivors\Library\PackageCache\com.unity.modules.unitywebrequest)
    com.unity.modules.unitywebrequestassetbundle@1.0.0 (location: D:\바탕화면\study\03.portfolio\04.unity-game\sentaur-survivors\Library\PackageCache\com.unity.modules.unitywebrequestassetbundle)
    com.unity.modules.unitywebrequestaudio@1.0.0 (location: D:\바탕화면\study\03.portfolio\04.unity-game\sentaur-survivors\Library\PackageCache\com.unity.modules.unitywebrequestaudio)
    com.unity.modules.unitywebrequesttexture@1.0.0 (location: D:\바탕화면\study\03.portfolio\04.unity-game\sentaur-survivors\Library\PackageCache\com.unity.modules.unitywebrequesttexture)
    com.unity.modules.unitywebrequestwww@1.0.0 (location: D:\바탕화면\study\03.portfolio\04.unity-game\sentaur-survivors\Library\PackageCache\com.unity.modules.unitywebrequestwww)
    com.unity.modules.vectorgraphics@1.0.0 (location: D:\바탕화면\study\03.portfolio\04.unity-game\sentaur-survivors\Library\PackageCache\com.unity.modules.vectorgraphics)
    com.unity.modules.vehicles@1.0.0 (location: D:\바탕화면\study\03.portfolio\04.unity-game\sentaur-survivors\Library\PackageCache\com.unity.modules.vehicles)
    com.unity.modules.video@1.0.0 (location: D:\바탕화면\study\03.portfolio\04.unity-game\sentaur-survivors\Library\PackageCache\com.unity.modules.video)
    com.unity.modules.vr@1.0.0 (location: D:\바탕화면\study\03.portfolio\04.unity-game\sentaur-survivors\Library\PackageCache\com.unity.modules.vr)
    com.unity.modules.wind@1.0.0 (location: D:\바탕화면\study\03.portfolio\04.unity-game\sentaur-survivors\Library\PackageCache\com.unity.modules.wind)
    com.unity.modules.xr@1.0.0 (location: D:\바탕화면\study\03.portfolio\04.unity-game\sentaur-survivors\Library\PackageCache\com.unity.modules.xr)
    com.unity.modules.subsystems@1.0.0 (location: D:\바탕화면\study\03.portfolio\04.unity-game\sentaur-survivors\Library\PackageCache\com.unity.modules.subsystems)
    com.unity.modules.hierarchycore@1.0.0 (location: D:\바탕화면\study\03.portfolio\04.unity-game\sentaur-survivors\Library\PackageCache\com.unity.modules.hierarchycore)
    com.unity.ext.nunit@2.0.5 (location: D:\바탕화면\study\03.portfolio\04.unity-game\sentaur-survivors\Library\PackageCache\com.unity.ext.nunit@d8c07649098d)
    com.unity.render-pipelines.core@17.3.0 (location: D:\바탕화면\study\03.portfolio\04.unity-game\sentaur-survivors\Library\PackageCache\com.unity.render-pipelines.core@d6dfd1e235d5)
    com.unity.shadergraph@17.3.0 (location: D:\바탕화면\study\03.portfolio\04.unity-game\sentaur-survivors\Library\PackageCache\com.unity.shadergraph@d44b48771ebb)
    com.unity.render-pipelines.universal-config@17.0.3 (location: D:\바탕화면\study\03.portfolio\04.unity-game\sentaur-survivors\Library\PackageCache\com.unity.render-pipelines.universal-config@8dc1aab4af1d)
    com.unity.2d.sprite@1.0.0 (location: D:\바탕화면\study\03.portfolio\04.unity-game\sentaur-survivors\Library\PackageCache\com.unity.2d.sprite@08e067ec1643)
    com.unity.2d.tilemap@1.0.0 (location: D:\바탕화면\study\03.portfolio\04.unity-game\sentaur-survivors\Library\PackageCache\com.unity.2d.tilemap@2394479dc113)
  Git packages:
    io.sentry.unity@https://github.com/getsentry/unity.git (location: D:\바탕화면\study\03.portfolio\04.unity-game\sentaur-survivors\Library\PackageCache\io.sentry.unity@ad36b581ab86)
[Subsystems] No new subsystems found in resolved package list.
[Package Manager] Done registering packages in 0.09 seconds
info: Microsoft.Hosting.Lifetime[14]
      Now listening on: http://localhost:80
info: Microsoft.Hosting.Lifetime[0]
      Application started. Press Ctrl+C to shut down.
info: Microsoft.Hosting.Lifetime[0]
      Hosting environment: Production
info: Microsoft.Hosting.Lifetime[0]
      Content root path: D:\바탕화면\study\03.portfolio\04.unity-game\sentaur-survivors\
info: Microsoft.AspNetCore.Hosting.Diagnostics[1]
      Request starting HTTP/2 POST http://ilpp/UnityILPP.PostProcessing/Ping application/grpc -
info: Microsoft.AspNetCore.Routing.EndpointMiddleware[0]
      Executing endpoint 'gRPC - /UnityILPP.PostProcessing/Ping'
info: Microsoft.AspNetCore.Routing.EndpointMiddleware[1]
      Executed endpoint 'gRPC - /UnityILPP.PostProcessing/Ping'
info: Microsoft.AspNetCore.Hosting.Diagnostics[2]
      Request finished HTTP/2 POST http://ilpp/UnityILPP.PostProcessing/Ping application/grpc - - 200 - application/grpc 68.3735ms
Starting: D:\Program files\Unity\Hub\Editor\6000.3.8f1\Editor\Data\Tools\BuildPipeline\bee_backend.exe --ipc --defer-dag-verification --dagfile="Library/Bee/500b0aE.dag" --continue-on-failure --profile="Library/Bee/backend1.traceevents" ScriptAssemblies
WorkingDir: D:/바탕화면/study/03.portfolio/04.unity-game/sentaur-survivors
DisplayProgressbar: Compiling Scripts
info: Microsoft.AspNetCore.Hosting.Diagnostics[1]
      Request starting HTTP/2 POST http://ilpp/UnityILPP.PostProcessing/ConfigurePostProcessors application/grpc -
info: Microsoft.AspNetCore.Routing.EndpointMiddleware[0]
      Executing endpoint 'gRPC - /UnityILPP.PostProcessing/ConfigurePostProcessors'
warn: Unity.ILPP.Runner.PostProcessingAssemblyLoadContext[0]
      Assembly system.runtime.interopservices.windowsruntime has duplicate hint path. Ignoring "D:\Program files\Unity\Hub\Editor\6000.3.8f1\Editor\Data\UnityReferenceAssemblies\unity-4.8-api\Facades\System.Runtime.InteropServices.WindowsRuntime.dll" in favor of "D:\Program files\Unity\Hub\Editor\6000.3.8f1\Editor\Data\NetStandard\Extensions\2.0.0\System.Runtime.InteropServices.WindowsRuntime.dll"
warn: Unity.ILPP.Runner.PostProcessingAssemblyLoadContext[0]
      Assembly system.componentmodel.composition has duplicate hint path. Ignoring "D:\Program files\Unity\Hub\Editor\6000.3.8f1\Editor\Data\UnityReferenceAssemblies\unity-4.8-api\System.ComponentModel.Composition.dll" in favor of "D:\Program files\Unity\Hub\Editor\6000.3.8f1\Editor\Data\NetStandard\compat\2.1.0\shims\netfx\System.ComponentModel.Composition.dll"
info: Unity.ILPP.Runner.PostProcessingAssemblyLoadContext[0]
      Resolved Unity.Burst.Cecil, Version=0.11.4.0, Culture=neutral, PublicKeyToken=50cebf1cceb9d05e with Library\PackageCache\com.unity.burst@973857688024\Unity.Burst.CodeGen\Unity.Burst.Cecil.dll
info: Unity.ILPP.Runner.PostProcessingAssemblyLoadContext[0]
      Resolved Mono.Cecil, Version=0.11.5.0, Culture=neutral, PublicKeyToken=50cebf1cceb9d05e with Library\PackageCache\com.unity.nuget.mono-cecil@ecb9724e46ff\Mono.Cecil.dll
info: Microsoft.AspNetCore.Routing.EndpointMiddleware[1]
      Executed endpoint 'gRPC - /UnityILPP.PostProcessing/ConfigurePostProcessors'
info: Microsoft.AspNetCore.Hosting.Diagnostics[2]
      Request finished HTTP/2 POST http://ilpp/UnityILPP.PostProcessing/ConfigurePostProcessors application/grpc - - 200 - application/grpc 463.6687ms
ExitCode: 0 Duration: 1s297ms
[ 867/1120  0s] ILPP-Configuration Library/ilpp-configuration.nevergeneratedoutput
*** Tundra build success (1.16 seconds), 1 items updated, 1120 evaluated
AssetDatabase: script compilation time: 2.128900s
Begin MonoManager ReloadAssembly
- Loaded All Assemblies, in  2.243 seconds
Refreshing native plugins compatible for Editor in 15.86 ms, found 5 plugins.
Native extension for Android target not found
Native extension for WindowsStandalone target not found
ScheduleIndexationOnStartup MainProcess:True IndexOnStartup:True
Mono: successfully reloaded assembly
- Finished resetting the current domain, in  4.716 seconds
Domain Reload Profiling: 6958ms
	BeginReloadAssembly (369ms)
		ExecutionOrderSort (0ms)
		DisableScriptedObjects (13ms)
		BackupInstance (0ms)
		ReleaseScriptingObjects (0ms)
		CreateAndSetChildDomain (165ms)
	RebuildCommonClasses (46ms)
	RebuildNativeTypeToScriptingClass (14ms)
	initialDomainReloadingComplete (46ms)
	LoadAllAssembliesAndSetupDomain (1767ms)
		LoadAssemblies (1100ms)
		RebuildTransferFunctionScriptingTraits (0ms)
		AnalyzeDomain (820ms)
			TypeCache.Refresh (614ms)
				TypeCache.ScanAssembly (586ms)
			BuildScriptInfoCaches (176ms)
			ResolveRequiredComponents (23ms)
	FinalizeReload (4717ms)
		ReleaseScriptCaches (0ms)
		RebuildScriptCaches (0ms)
		SetupLoadedEditorAssemblies (4242ms)
			LogAssemblyErrors (0ms)
			InitializePlatformSupportModulesInManaged (58ms)
			SetLoadedEditorAssemblies (6ms)
			BeforeProcessingInitializeOnLoad (419ms)
			ProcessInitializeOnLoadAttributes (3411ms)
			ProcessInitializeOnLoadMethodAttributes (342ms)
			AfterProcessingInitializeOnLoad (3ms)
			EditorAssembliesLoaded (2ms)
		ExecutionOrderSort2 (0ms)
		AwakeInstancesAfterBackupRestoration (60ms)
Asset Pipeline Refresh (id=70824f6af56b69241a50769954ab1b25): Total: 10.732 seconds - Initiated by InitialRefreshV2(ForceSynchronousImport)
	Summary:
		Imports: total=0 (actual=0, local cache=0, cache server=0)
		Asset DB Process Time: managed=0 ms, native=6148 ms
		Asset DB Callback time: managed=45 ms, native=94 ms
		Scripting: domain reloads=1, domain reload time=2244 ms, compile time=2134 ms, other=66 ms
		Project Asset Count: scripts=1585, non-scripts=3444
		Asset File Changes: new=0, changed=0, moved=0, deleted=0
		Scan Filter Count: 0
	InvokeCustomDependenciesCallbacks: 0.002ms
	InvokePackagesCallback: 100.694ms
	ApplyChangesToAssetFolders: 1.675ms
	Scan: 582.261ms
	OnSourceAssetsModified: 0.006ms
	CategorizeAssetsWithTransientArtifact: 152.386ms
	ProcessAssetsWithTransientArtifactChanges: 202.488ms
	CategorizeAssets: 150.156ms
	ImportOutOfDateAssets: 4762.304ms (2624.194ms without children)
		CompileScripts: 2133.859ms
		ReloadNativeAssets: 0.036ms
		UnloadImportedAssets: 1.490ms
		EnsureUptoDateAssetsAreRegisteredWithGuidPM: 1.448ms
		InitializingProgressBar: 0.001ms
		PostProcessAllAssetNotificationsAddChangedAssets: 0.001ms
		OnDemandSchedulerStart: 1.276ms
	PostProcessAllAssets: 45.319ms
	GatherAllCurrentPrimaryArtifactRevisions: 0.217ms
	UnloadStreamsBegin: 5.059ms
	PersistCurrentRevisions: 0.151ms
	UnloadStreamsEnd: 0.002ms
	GenerateScriptTypeHashes: 11.636ms
	Untracked: 4729.550ms

Application.AssetDatabase Initial Refresh End
Launched and connected shader compiler UnityShaderCompiler.exe after 0.07 seconds
Scanning for USB devices : 22.602ms
Initializing Unity extensions:
[MODES] ModeService[none].Initialize
[MODES] ModeService[none].LoadModes
[MODES] Loading mode Default (0) for mode-current-id-SentaurSurvivors
Unloading 19 Unused Serialized files (Serialized files now loaded: 0)
Unloading 7129 unused Assets / (5.6 MB). Loaded Objects now: 7956.
Memory consumption went from 200.3 MB to 194.8 MB.
Total: 19.196900 ms (FindLiveObjects: 1.496500 ms CreateObjectMapping: 1.853700 ms MarkObjects: 11.433100 ms  DeleteObjects: 4.411600 ms)

[Project] Loading completed in 27.354 seconds
	Project init time: 				20.596 seconds
		Template init time: 		0.000 seconds
		Package Manager init time: 		3.153 seconds
		Asset Database init time: 		0.573 seconds
		Global illumination init time: 	0.021 seconds
		Assemblies load time: 			4.181 seconds
		Unity extensions init time: 	0.066 seconds
		Asset Database refresh time: 	10.733 seconds
	Scene opening time: 			6.185 seconds
##utp:{"type":"ProjectInfo","version":2,"phase":"Immediate","time":1784987672719,"processId":49736,"projectLoad":27.3535249,"projectInit":20.5962655,"templateInit":0.0,"packageManagerInit":3.1528514,"assetDatabaseInit":0.5731435,"globalIlluminationInit":0.0211115,"assembliesLoad":4.1807609,"unityExtensionsInit":0.0658117,"assetDatabaseRefresh":10.7325086,"sceneOpening":6.1849479}
##utp:{"type":"EditorInfo","version":2,"phase":"Immediate","time":1784987672720,"processId":49736,"editorVersion":"6000.3.8f1 (1c7db571dde0)","branch":"6000.3/staging","buildType":"Release","platform":"Windows"}
Asset Pipeline Refresh (id=68ce85ff3ce75e64896b7401531fe1f7): Total: 0.094 seconds - Initiated by RefreshV2(NoUpdateAssetOptions)
Running tests for ExecutionSettings with details:
targetPlatform = 
playerHeartbeatTimeout = 600
filters[0] = 
   Filter with settings:
   testMode = PlayMode
   targetPlatform = 
   testNames = null
   groupNames = null
   categoryNames = null
   assemblyNames = null
ignoreTests = {}
featureFlags = null

Start Indexing on Editor startup
[Indexing] Starting Initial Indexing for Assets
[UnityConnectServicesConfig] config is NOT valid, switching to default
Created GICache directory at C:/Users/ksj42/AppData/LocalLow/Unity/Caches/GiCache. Took: 0.057s, timestamps: [27.359 - 27.415]
Unloading 1 Unused Serialized files (Serialized files now loaded: 0)
Unloading 1 unused Assets / (44.4 KB). Loaded Objects now: 8001.
Memory consumption went from 180.4 MB to 180.4 MB.
Total: 12.723200 ms (FindLiveObjects: 0.512000 ms CreateObjectMapping: 0.542500 ms MarkObjects: 11.607000 ms  DeleteObjects: 0.060400 ms)

Start importing Assets/InitTestScene0801ce45-78fa-4a06-b76d-fb1a627db146.unity using Guid(4283250cd9303ab4dac475e65f17e477) (DefaultImporter) -> (artifact id: 'a391b90cfcb9228781e31ef09f7b4edc') in 0.0106018 seconds
Refreshing native plugins compatible for Editor in 6.83 ms, found 5 plugins.
Preloading 0 native plugins for Editor in 0.00 ms.
Asset Pipeline Refresh (id=5a16920c51041ab46b9c09aa6b316e3f): Total: 0.244 seconds - Initiated by StopAssetImportingV2(NoUpdateAssetOptions)
Executing IPrebuildSetup for: Unity.PerformanceTesting.Editor.TestRunBuilder.
SpriteAtlasPacking completed in 0.005929 sec
Reloading assemblies for play mode.
Reloading assemblies after forced synchronous recompile.
Begin MonoManager ReloadAssembly
- Loaded All Assemblies, in  1.319 seconds
Refreshing native plugins compatible for Editor in 6.37 ms, found 5 plugins.
Native extension for Android target not found
Native extension for WindowsStandalone target not found
ScheduleIndexationOnStartup MainProcess:True IndexOnStartup:True
Mono: successfully reloaded assembly
- Finished resetting the current domain, in  1.483 seconds
Domain Reload Profiling: 2809ms
	BeginReloadAssembly (715ms)
		ExecutionOrderSort (0ms)
		DisableScriptedObjects (65ms)
		BackupInstance (0ms)
		ReleaseScriptingObjects (0ms)
		CreateAndSetChildDomain (430ms)
	RebuildCommonClasses (61ms)
	RebuildNativeTypeToScriptingClass (17ms)
	initialDomainReloadingComplete (51ms)
	LoadAllAssembliesAndSetupDomain (481ms)
		LoadAssemblies (332ms)
		RebuildTransferFunctionScriptingTraits (0ms)
		AnalyzeDomain (321ms)
			TypeCache.Refresh (9ms)
				TypeCache.ScanAssembly (0ms)
			BuildScriptInfoCaches (293ms)
			ResolveRequiredComponents (14ms)
	FinalizeReload (1483ms)
		ReleaseScriptCaches (0ms)
		RebuildScriptCaches (0ms)
		SetupLoadedEditorAssemblies (1118ms)
			LogAssemblyErrors (0ms)
			InitializePlatformSupportModulesInManaged (42ms)
			SetLoadedEditorAssemblies (6ms)
			BeforeProcessingInitializeOnLoad (253ms)
			ProcessInitializeOnLoadAttributes (547ms)
			ProcessInitializeOnLoadMethodAttributes (264ms)
			AfterProcessingInitializeOnLoad (6ms)
			EditorAssembliesLoaded (1ms)
		ExecutionOrderSort2 (0ms)
		AwakeInstancesAfterBackupRestoration (42ms)
Asset Pipeline Refresh (id=dd4a0679cc7cb50408bf0559dd5f0a22): Total: 3.042 seconds - Initiated by StopAssetImportingV2(ForceSynchronousImport | ForceDomainReload)
	Summary:
		Imports: total=0 (actual=0, local cache=0, cache server=0)
		Asset DB Process Time: managed=0 ms, native=1656 ms
		Asset DB Callback time: managed=28 ms, native=1 ms
		Scripting: domain reloads=1, domain reload time=1353 ms, compile time=2 ms, other=0 ms
		Project Asset Count: scripts=1585, non-scripts=3445
		Asset File Changes: new=0, changed=0, moved=0, deleted=0
		Scan Filter Count: 0
	InvokeCustomDependenciesCallbacks: 0.001ms
	InvokePackagesCallback: 5.235ms
	ApplyChangesToAssetFolders: 0.388ms
	Scan: 0.001ms
	OnSourceAssetsModified: 0.002ms
	CategorizeAssetsWithTransientArtifact: 0.002ms
	ProcessAssetsWithTransientArtifactChanges: 8.460ms
	CategorizeAssets: 71.505ms
	ImportOutOfDateAssets: 1498.306ms (1492.387ms without children)
		CompileScripts: 1.516ms
		CollectScriptTypesHashes: 1.314ms
		ReloadNativeAssets: 1.457ms
		UnloadImportedAssets: 0.096ms
		EnsureUptoDateAssetsAreRegisteredWithGuidPM: 1.109ms
		InitializingProgressBar: 0.001ms
		PostProcessAllAssetNotificationsAddChangedAssets: 0.001ms
		OnDemandSchedulerStart: 0.426ms
	PostProcessAllAssets: 28.449ms
	GatherAllCurrentPrimaryArtifactRevisions: 0.147ms
	UnloadStreamsBegin: 0.176ms
	PersistCurrentRevisions: 0.113ms
	UnloadStreamsEnd: 0.001ms
	GenerateScriptTypeHashes: 6.643ms
	Untracked: 1428.928ms

Calling into the 'Configure' callback.
Getting the 'DSN' from the environment.
Getting the 'DSN' from the commandline arguments.
Failed to get the 'DSN' from environment variable, Intent extras, and command line arguments.
UnityEngine.Debug:ExtractStackTraceNoAlloc (byte*,int,string)
UnityEngine.StackTraceUtility:ExtractStackTrace ()
UnityEngine.DebugLogHandler:Internal_Log (UnityEngine.LogType,UnityEngine.LogOption,string,UnityEngine.Object)
UnityEngine.DebugLogHandler:LogFormat (UnityEngine.LogType,UnityEngine.Object,string,object[])
UnityEngine.Logger:Log (UnityEngine.LogType,object)
UnityEngine.Debug:LogError (object)
SentryOptionConfiguration:Configure (Sentry.Unity.SentryUnityOptions) (at Assets/Scripts/Config/SentryOptionConfiguration.cs:61)
Sentry.Unity.ScriptableSentryUnityOptions:ToSentryUnityOptions (Sentry.Unity.Integrations.IApplication,Sentry.Unity.ISentryUnityInfo,bool) (at /sentry-unity/src/Sentry.Unity/ScriptableSentryUnityOptions.cs:241)
Sentry.Unity.ScriptableSentryUnityOptions:LoadSentryUnityOptions () (at /sentry-unity/src/Sentry.Unity/ScriptableSentryUnityOptions.cs:134)
Sentry.Unity.SentryInitialization:Init () (at ./Library/PackageCache/io.sentry.unity@ad36b581ab86/Runtime/SentryInitialization.cs:67)

(Filename: Assets/Scripts/Config/SentryOptionConfiguration.cs Line: 61)

Sentry: (Debug) Logging enabled with 'UnityLogger' min level: Debug 
Sentry: (Warning) No Sentry DSN configured. Sentry will be disabled. 
Loaded scene 'Temp/__Backupscenes/0.backup'
	Deserialize:            0.748 ms
	Integration:            389.500 ms
	Integration of assets:  0.002 ms
	Thread Wait Time:       0.016 ms
	Total Operation Time:   390.265 ms
[MODES] ModeService[none].Initialize
[MODES] ModeService[none].LoadModes

IgnoreFailingMessages:true
Unloading 189 Unused Serialized files (Serialized files now loaded: 0)
UnloadTime: 0.360000 ms
InvalidOperationException: Invalid user
  at UnityEngine.InputSystem.Users.InputUser.get_index () [0x0003d] in .\Library\PackageCache\com.unity.inputsystem@57d0e36f6123\InputSystem\Plugins\Users\InputUser.cs:89 
  at UnityEngine.InputSystem.Users.InputUser.get_pairedDevices () [0x00000] in .\Library\PackageCache\com.unity.inputsystem@57d0e36f6123\InputSystem\Plugins\Users\InputUser.cs:138 
  at UnityEngine.InputSystem.PlayerInput.SwitchControlSchemeInternal (UnityEngine.InputSystem.InputControlScheme& controlScheme, UnityEngine.InputSystem.InputDevice[] devices) [0x0000f] in .\Library\PackageCache\com.unity.inputsystem@57d0e36f6123\InputSystem\Plugins\PlayerInput\PlayerInput.cs:2155 
  at UnityEngine.InputSystem.PlayerInput.SwitchCurrentControlScheme (UnityEngine.InputSystem.InputDevice[] devices) [0x0004e] in .\Library\PackageCache\com.unity.inputsystem@57d0e36f6123\InputSystem\Plugins\PlayerInput\PlayerInput.cs:1050 
  at UnityEngine.InputSystem.OnScreen.OnScreenControl.OnEnable () [0x00097] in .\Library\PackageCache\com.unity.inputsystem@57d0e36f6123\InputSystem\Plugins\OnScreen\OnScreenControl.cs:250 

(Filename: ./Library/PackageCache/com.unity.inputsystem@57d0e36f6123/InputSystem/Plugins/Users/InputUser.cs Line: 89)

Loaded scene 'Assets/Scenes/BattleScene.unity'
	Deserialize:            402.237 ms
	Integration:            637.526 ms
	Integration of assets:  25.623 ms
	Thread Wait Time:       3.410 ms
	Total Operation Time:   1068.796 ms
Unloading 241 unused Assets / (Unknown). Loaded Objects now: 9192.
Memory consumption went from 265.3 MB to 265.3 MB.
Total: 21.321000 ms (FindLiveObjects: 0.850600 ms CreateObjectMapping: 0.938800 ms MarkObjects: 17.989800 ms  DeleteObjects: 1.540100 ms)


IgnoreFailingMessages:true
Unloading 13 Unused Serialized files (Serialized files now loaded: 0)
UnloadTime: 19.259000 ms
InvalidOperationException: Invalid user
  at UnityEngine.InputSystem.Users.InputUser.get_index () [0x0003d] in .\Library\PackageCache\com.unity.inputsystem@57d0e36f6123\InputSystem\Plugins\Users\InputUser.cs:89 
  at UnityEngine.InputSystem.Users.InputUser.get_pairedDevices () [0x00000] in .\Library\PackageCache\com.unity.inputsystem@57d0e36f6123\InputSystem\Plugins\Users\InputUser.cs:138 
  at UnityEngine.InputSystem.PlayerInput.SwitchControlSchemeInternal (UnityEngine.InputSystem.InputControlScheme& controlScheme, UnityEngine.InputSystem.InputDevice[] devices) [0x0000f] in .\Library\PackageCache\com.unity.inputsystem@57d0e36f6123\InputSystem\Plugins\PlayerInput\PlayerInput.cs:2155 
  at UnityEngine.InputSystem.PlayerInput.SwitchCurrentControlScheme (UnityEngine.InputSystem.InputDevice[] devices) [0x0004e] in .\Library\PackageCache\com.unity.inputsystem@57d0e36f6123\InputSystem\Plugins\PlayerInput\PlayerInput.cs:1050 
  at UnityEngine.InputSystem.OnScreen.OnScreenControl.OnEnable () [0x00097] in .\Library\PackageCache\com.unity.inputsystem@57d0e36f6123\InputSystem\Plugins\OnScreen\OnScreenControl.cs:250 

(Filename: ./Library/PackageCache/com.unity.inputsystem@57d0e36f6123/InputSystem/Plugins/Users/InputUser.cs Line: 89)

Loaded scene 'Assets/Scenes/BattleScene.unity'
	Deserialize:            32.980 ms
	Integration:            488.788 ms
	Integration of assets:  0.348 ms
	Thread Wait Time:       0.836 ms
	Total Operation Time:   522.952 ms
Unloading 65 unused Assets / (19.5 KB). Loaded Objects now: 9195.
Memory consumption went from 256.6 MB to 256.6 MB.
Total: 19.807700 ms (FindLiveObjects: 0.792500 ms CreateObjectMapping: 0.520800 ms MarkObjects: 18.189400 ms  DeleteObjects: 0.302200 ms)


IgnoreFailingMessages:true
Unloading 3 Unused Serialized files (Serialized files now loaded: 0)
UnloadTime: 1.606200 ms
InvalidOperationException: Invalid user
  at UnityEngine.InputSystem.Users.InputUser.get_index () [0x0003d] in .\Library\PackageCache\com.unity.inputsystem@57d0e36f6123\InputSystem\Plugins\Users\InputUser.cs:89 
  at UnityEngine.InputSystem.Users.InputUser.get_pairedDevices () [0x00000] in .\Library\PackageCache\com.unity.inputsystem@57d0e36f6123\InputSystem\Plugins\Users\InputUser.cs:138 
  at UnityEngine.InputSystem.PlayerInput.SwitchControlSchemeInternal (UnityEngine.InputSystem.InputControlScheme& controlScheme, UnityEngine.InputSystem.InputDevice[] devices) [0x0000f] in .\Library\PackageCache\com.unity.inputsystem@57d0e36f6123\InputSystem\Plugins\PlayerInput\PlayerInput.cs:2155 
  at UnityEngine.InputSystem.PlayerInput.SwitchCurrentControlScheme (UnityEngine.InputSystem.InputDevice[] devices) [0x0004e] in .\Library\PackageCache\com.unity.inputsystem@57d0e36f6123\InputSystem\Plugins\PlayerInput\PlayerInput.cs:1050 
  at UnityEngine.InputSystem.OnScreen.OnScreenControl.OnEnable () [0x00097] in .\Library\PackageCache\com.unity.inputsystem@57d0e36f6123\InputSystem\Plugins\OnScreen\OnScreenControl.cs:250 

(Filename: ./Library/PackageCache/com.unity.inputsystem@57d0e36f6123/InputSystem/Plugins/Users/InputUser.cs Line: 89)

Loaded scene 'Assets/Scenes/BattleScene.unity'
	Deserialize:            27.972 ms
	Integration:            298.517 ms
	Integration of assets:  0.454 ms
	Thread Wait Time:       0.781 ms
	Total Operation Time:   327.724 ms
Unloading 65 unused Assets / (19.5 KB). Loaded Objects now: 9195.
Memory consumption went from 256.7 MB to 256.7 MB.
Total: 12.649800 ms (FindLiveObjects: 0.833300 ms CreateObjectMapping: 0.763600 ms MarkObjects: 10.869900 ms  DeleteObjects: 0.181900 ms)


IgnoreFailingMessages:true
Unloading 3 Unused Serialized files (Serialized files now loaded: 0)
UnloadTime: 1.606100 ms
InvalidOperationException: Invalid user
  at UnityEngine.InputSystem.Users.InputUser.get_index () [0x0003d] in .\Library\PackageCache\com.unity.inputsystem@57d0e36f6123\InputSystem\Plugins\Users\InputUser.cs:89 
  at UnityEngine.InputSystem.Users.InputUser.get_pairedDevices () [0x00000] in .\Library\PackageCache\com.unity.inputsystem@57d0e36f6123\InputSystem\Plugins\Users\InputUser.cs:138 
  at UnityEngine.InputSystem.PlayerInput.SwitchControlSchemeInternal (UnityEngine.InputSystem.InputControlScheme& controlScheme, UnityEngine.InputSystem.InputDevice[] devices) [0x0000f] in .\Library\PackageCache\com.unity.inputsystem@57d0e36f6123\InputSystem\Plugins\PlayerInput\PlayerInput.cs:2155 
  at UnityEngine.InputSystem.PlayerInput.SwitchCurrentControlScheme (UnityEngine.InputSystem.InputDevice[] devices) [0x0004e] in .\Library\PackageCache\com.unity.inputsystem@57d0e36f6123\InputSystem\Plugins\PlayerInput\PlayerInput.cs:1050 
  at UnityEngine.InputSystem.OnScreen.OnScreenControl.OnEnable () [0x00097] in .\Library\PackageCache\com.unity.inputsystem@57d0e36f6123\InputSystem\Plugins\OnScreen\OnScreenControl.cs:250 

(Filename: ./Library/PackageCache/com.unity.inputsystem@57d0e36f6123/InputSystem/Plugins/Users/InputUser.cs Line: 89)

Loaded scene 'Assets/Scenes/BattleScene.unity'
	Deserialize:            24.316 ms
	Integration:            307.681 ms
	Integration of assets:  0.312 ms
	Thread Wait Time:       0.754 ms
	Total Operation Time:   333.063 ms
Unloading 65 unused Assets / (19.4 KB). Loaded Objects now: 9195.
Memory consumption went from 256.7 MB to 256.7 MB.
Total: 13.044700 ms (FindLiveObjects: 0.563800 ms CreateObjectMapping: 0.265200 ms MarkObjects: 12.042800 ms  DeleteObjects: 0.171600 ms)

HealthBar.SetHealth: Setting health to 0.7

IgnoreFailingMessages:true
Unloading 3 Unused Serialized files (Serialized files now loaded: 0)
UnloadTime: 1.424000 ms
InvalidOperationException: Invalid user
  at UnityEngine.InputSystem.Users.InputUser.get_index () [0x0003d] in .\Library\PackageCache\com.unity.inputsystem@57d0e36f6123\InputSystem\Plugins\Users\InputUser.cs:89 
  at UnityEngine.InputSystem.Users.InputUser.get_pairedDevices () [0x00000] in .\Library\PackageCache\com.unity.inputsystem@57d0e36f6123\InputSystem\Plugins\Users\InputUser.cs:138 
  at UnityEngine.InputSystem.PlayerInput.SwitchControlSchemeInternal (UnityEngine.InputSystem.InputControlScheme& controlScheme, UnityEngine.InputSystem.InputDevice[] devices) [0x0000f] in .\Library\PackageCache\com.unity.inputsystem@57d0e36f6123\InputSystem\Plugins\PlayerInput\PlayerInput.cs:2155 
  at UnityEngine.InputSystem.PlayerInput.SwitchCurrentControlScheme (UnityEngine.InputSystem.InputDevice[] devices) [0x0004e] in .\Library\PackageCache\com.unity.inputsystem@57d0e36f6123\InputSystem\Plugins\PlayerInput\PlayerInput.cs:1050 
  at UnityEngine.InputSystem.OnScreen.OnScreenControl.OnEnable () [0x00097] in .\Library\PackageCache\com.unity.inputsystem@57d0e36f6123\InputSystem\Plugins\OnScreen\OnScreenControl.cs:250 

(Filename: ./Library/PackageCache/com.unity.inputsystem@57d0e36f6123/InputSystem/Plugins/Users/InputUser.cs Line: 89)

Loaded scene 'Assets/Scenes/BattleScene.unity'
	Deserialize:            26.018 ms
	Integration:            354.736 ms
	Integration of assets:  0.366 ms
	Thread Wait Time:       0.630 ms
	Total Operation Time:   381.750 ms
Unloading 64 unused Assets / (17.7 KB). Loaded Objects now: 9195.
Memory consumption went from 256.7 MB to 256.7 MB.
Total: 14.274500 ms (FindLiveObjects: 0.584500 ms CreateObjectMapping: 0.222300 ms MarkObjects: 13.171200 ms  DeleteObjects: 0.294700 ms)

HealthBar.SetHealth: Setting health to 0.5
HealthBar.SetHealth: Setting health to 1

IgnoreFailingMessages:true
Unloading 3 Unused Serialized files (Serialized files now loaded: 0)
UnloadTime: 1.625300 ms
InvalidOperationException: Invalid user
  at UnityEngine.InputSystem.Users.InputUser.get_index () [0x0003d] in .\Library\PackageCache\com.unity.inputsystem@57d0e36f6123\InputSystem\Plugins\Users\InputUser.cs:89 
  at UnityEngine.InputSystem.Users.InputUser.get_pairedDevices () [0x00000] in .\Library\PackageCache\com.unity.inputsystem@57d0e36f6123\InputSystem\Plugins\Users\InputUser.cs:138 
  at UnityEngine.InputSystem.PlayerInput.SwitchControlSchemeInternal (UnityEngine.InputSystem.InputControlScheme& controlScheme, UnityEngine.InputSystem.InputDevice[] devices) [0x0000f] in .\Library\PackageCache\com.unity.inputsystem@57d0e36f6123\InputSystem\Plugins\PlayerInput\PlayerInput.cs:2155 
  at UnityEngine.InputSystem.PlayerInput.SwitchCurrentControlScheme (UnityEngine.InputSystem.InputDevice[] devices) [0x0004e] in .\Library\PackageCache\com.unity.inputsystem@57d0e36f6123\InputSystem\Plugins\PlayerInput\PlayerInput.cs:1050 
  at UnityEngine.InputSystem.OnScreen.OnScreenControl.OnEnable () [0x00097] in .\Library\PackageCache\com.unity.inputsystem@57d0e36f6123\InputSystem\Plugins\OnScreen\OnScreenControl.cs:250 

(Filename: ./Library/PackageCache/com.unity.inputsystem@57d0e36f6123/InputSystem/Plugins/Users/InputUser.cs Line: 89)

Loaded scene 'Assets/Scenes/BattleScene.unity'
	Deserialize:            27.179 ms
	Integration:            355.057 ms
	Integration of assets:  0.227 ms
	Thread Wait Time:       0.671 ms
	Total Operation Time:   383.134 ms
Unloading 64 unused Assets / (17.7 KB). Loaded Objects now: 9195.
Memory consumption went from 256.7 MB to 256.7 MB.
Total: 13.938000 ms (FindLiveObjects: 0.540600 ms CreateObjectMapping: 0.231800 ms MarkObjects: 12.996900 ms  DeleteObjects: 0.167100 ms)

HealthBar.SetHealth: Setting health to 0.85

IgnoreFailingMessages:true
Unloading 3 Unused Serialized files (Serialized files now loaded: 0)
UnloadTime: 1.740200 ms
Loaded scene 'Assets/Scenes/TitleScene.unity'
	Deserialize:            11.018 ms
	Integration:            318.382 ms
	Integration of assets:  0.293 ms
	Thread Wait Time:       0.814 ms
	Total Operation Time:   330.507 ms
Unloading 619 unused Assets / (61.2 MB). Loaded Objects now: 8137.
Memory consumption went from 256.9 MB to 195.7 MB.
Total: 19.729800 ms (FindLiveObjects: 0.519900 ms CreateObjectMapping: 0.571200 ms MarkObjects: 11.314200 ms  DeleteObjects: 7.323100 ms)


IgnoreFailingMessages:true
Unloading 185 Unused Serialized files (Serialized files now loaded: 0)
UnloadTime: 3.990600 ms
InvalidOperationException: Invalid user
  at UnityEngine.InputSystem.Users.InputUser.get_index () [0x0003d] in .\Library\PackageCache\com.unity.inputsystem@57d0e36f6123\InputSystem\Plugins\Users\InputUser.cs:89 
  at UnityEngine.InputSystem.Users.InputUser.get_pairedDevices () [0x00000] in .\Library\PackageCache\com.unity.inputsystem@57d0e36f6123\InputSystem\Plugins\Users\InputUser.cs:138 
  at UnityEngine.InputSystem.PlayerInput.SwitchControlSchemeInternal (UnityEngine.InputSystem.InputControlScheme& controlScheme, UnityEngine.InputSystem.InputDevice[] devices) [0x0000f] in .\Library\PackageCache\com.unity.inputsystem@57d0e36f6123\InputSystem\Plugins\PlayerInput\PlayerInput.cs:2155 
  at UnityEngine.InputSystem.PlayerInput.SwitchCurrentControlScheme (UnityEngine.InputSystem.InputDevice[] devices) [0x0004e] in .\Library\PackageCache\com.unity.inputsystem@57d0e36f6123\InputSystem\Plugins\PlayerInput\PlayerInput.cs:1050 
  at UnityEngine.InputSystem.OnScreen.OnScreenControl.OnEnable () [0x00097] in .\Library\PackageCache\com.unity.inputsystem@57d0e36f6123\InputSystem\Plugins\OnScreen\OnScreenControl.cs:250 

(Filename: ./Library/PackageCache/com.unity.inputsystem@57d0e36f6123/InputSystem/Plugins/Users/InputUser.cs Line: 89)

Loaded scene 'Assets/Scenes/BattleScene.unity'
	Deserialize:            423.633 ms
	Integration:            524.756 ms
	Integration of assets:  6.159 ms
	Thread Wait Time:       2.234 ms
	Total Operation Time:   956.781 ms
Unloading 60 unused Assets / (10.7 KB). Loaded Objects now: 9195.
Memory consumption went from 257.7 MB to 257.7 MB.
Total: 19.883500 ms (FindLiveObjects: 1.041300 ms CreateObjectMapping: 1.323400 ms MarkObjects: 16.969900 ms  DeleteObjects: 0.547500 ms)


IgnoreFailingMessages:true
Unloading 3 Unused Serialized files (Serialized files now loaded: 0)
UnloadTime: 2.381400 ms
InvalidOperationException: Invalid user
  at UnityEngine.InputSystem.Users.InputUser.get_index () [0x0003d] in .\Library\PackageCache\com.unity.inputsystem@57d0e36f6123\InputSystem\Plugins\Users\InputUser.cs:89 
  at UnityEngine.InputSystem.Users.InputUser.get_pairedDevices () [0x00000] in .\Library\PackageCache\com.unity.inputsystem@57d0e36f6123\InputSystem\Plugins\Users\InputUser.cs:138 
  at UnityEngine.InputSystem.PlayerInput.SwitchControlSchemeInternal (UnityEngine.InputSystem.InputControlScheme& controlScheme, UnityEngine.InputSystem.InputDevice[] devices) [0x0000f] in .\Library\PackageCache\com.unity.inputsystem@57d0e36f6123\InputSystem\Plugins\PlayerInput\PlayerInput.cs:2155 
  at UnityEngine.InputSystem.PlayerInput.SwitchCurrentControlScheme (UnityEngine.InputSystem.InputDevice[] devices) [0x0004e] in .\Library\PackageCache\com.unity.inputsystem@57d0e36f6123\InputSystem\Plugins\PlayerInput\PlayerInput.cs:1050 
  at UnityEngine.InputSystem.OnScreen.OnScreenControl.OnEnable () [0x00097] in .\Library\PackageCache\com.unity.inputsystem@57d0e36f6123\InputSystem\Plugins\OnScreen\OnScreenControl.cs:250 

(Filename: ./Library/PackageCache/com.unity.inputsystem@57d0e36f6123/InputSystem/Plugins/Users/InputUser.cs Line: 89)

Loaded scene 'Assets/Scenes/BattleScene.unity'
	Deserialize:            57.026 ms
	Integration:            500.289 ms
	Integration of assets:  0.739 ms
	Thread Wait Time:       1.852 ms
	Total Operation Time:   559.906 ms
Unloading 64 unused Assets / (18.0 KB). Loaded Objects now: 9195.
Memory consumption went from 256.7 MB to 256.7 MB.
Total: 16.236500 ms (FindLiveObjects: 1.193600 ms CreateObjectMapping: 0.895400 ms MarkObjects: 13.761300 ms  DeleteObjects: 0.384700 ms)


IgnoreFailingMessages:true
Unloading 3 Unused Serialized files (Serialized files now loaded: 0)
UnloadTime: 1.664700 ms
InvalidOperationException: Invalid user
  at UnityEngine.InputSystem.Users.InputUser.get_index () [0x0003d] in .\Library\PackageCache\com.unity.inputsystem@57d0e36f6123\InputSystem\Plugins\Users\InputUser.cs:89 
  at UnityEngine.InputSystem.Users.InputUser.get_pairedDevices () [0x00000] in .\Library\PackageCache\com.unity.inputsystem@57d0e36f6123\InputSystem\Plugins\Users\InputUser.cs:138 
  at UnityEngine.InputSystem.PlayerInput.SwitchControlSchemeInternal (UnityEngine.InputSystem.InputControlScheme& controlScheme, UnityEngine.InputSystem.InputDevice[] devices) [0x0000f] in .\Library\PackageCache\com.unity.inputsystem@57d0e36f6123\InputSystem\Plugins\PlayerInput\PlayerInput.cs:2155 
  at UnityEngine.InputSystem.PlayerInput.SwitchCurrentControlScheme (UnityEngine.InputSystem.InputDevice[] devices) [0x0004e] in .\Library\PackageCache\com.unity.inputsystem@57d0e36f6123\InputSystem\Plugins\PlayerInput\PlayerInput.cs:1050 
  at UnityEngine.InputSystem.OnScreen.OnScreenControl.OnEnable () [0x00097] in .\Library\PackageCache\com.unity.inputsystem@57d0e36f6123\InputSystem\Plugins\OnScreen\OnScreenControl.cs:250 

(Filename: ./Library/PackageCache/com.unity.inputsystem@57d0e36f6123/InputSystem/Plugins/Users/InputUser.cs Line: 89)

Loaded scene 'Assets/Scenes/BattleScene.unity'
	Deserialize:            28.378 ms
	Integration:            345.280 ms
	Integration of assets:  0.303 ms
	Thread Wait Time:       1.435 ms
	Total Operation Time:   375.396 ms
Unloading 64 unused Assets / (17.6 KB). Loaded Objects now: 9195.
Memory consumption went from 256.7 MB to 256.7 MB.
Total: 15.825600 ms (FindLiveObjects: 0.567200 ms CreateObjectMapping: 0.228800 ms MarkObjects: 14.857400 ms  DeleteObjects: 0.171000 ms)


IgnoreFailingMessages:true
Unloading 3 Unused Serialized files (Serialized files now loaded: 0)
UnloadTime: 1.173600 ms
InvalidOperationException: Invalid user
  at UnityEngine.InputSystem.Users.InputUser.get_index () [0x0003d] in .\Library\PackageCache\com.unity.inputsystem@57d0e36f6123\InputSystem\Plugins\Users\InputUser.cs:89 
  at UnityEngine.InputSystem.Users.InputUser.get_pairedDevices () [0x00000] in .\Library\PackageCache\com.unity.inputsystem@57d0e36f6123\InputSystem\Plugins\Users\InputUser.cs:138 
  at UnityEngine.InputSystem.PlayerInput.SwitchControlSchemeInternal (UnityEngine.InputSystem.InputControlScheme& controlScheme, UnityEngine.InputSystem.InputDevice[] devices) [0x0000f] in .\Library\PackageCache\com.unity.inputsystem@57d0e36f6123\InputSystem\Plugins\PlayerInput\PlayerInput.cs:2155 
  at UnityEngine.InputSystem.PlayerInput.SwitchCurrentControlScheme (UnityEngine.InputSystem.InputDevice[] devices) [0x0004e] in .\Library\PackageCache\com.unity.inputsystem@57d0e36f6123\InputSystem\Plugins\PlayerInput\PlayerInput.cs:1050 
  at UnityEngine.InputSystem.OnScreen.OnScreenControl.OnEnable () [0x00097] in .\Library\PackageCache\com.unity.inputsystem@57d0e36f6123\InputSystem\Plugins\OnScreen\OnScreenControl.cs:250 

(Filename: ./Library/PackageCache/com.unity.inputsystem@57d0e36f6123/InputSystem/Plugins/Users/InputUser.cs Line: 89)

Loaded scene 'Assets/Scenes/BattleScene.unity'
	Deserialize:            25.252 ms
	Integration:            328.989 ms
	Integration of assets:  0.381 ms
	Thread Wait Time:       0.470 ms
	Total Operation Time:   355.093 ms
Unloading 64 unused Assets / (17.6 KB). Loaded Objects now: 9195.
Memory consumption went from 256.7 MB to 256.7 MB.
Total: 11.137900 ms (FindLiveObjects: 0.906400 ms CreateObjectMapping: 0.261800 ms MarkObjects: 9.806600 ms  DeleteObjects: 0.161800 ms)


IgnoreFailingMessages:true
Unloading 3 Unused Serialized files (Serialized files now loaded: 0)
UnloadTime: 1.809700 ms
InvalidOperationException: Invalid user
  at UnityEngine.InputSystem.Users.InputUser.get_index () [0x0003d] in .\Library\PackageCache\com.unity.inputsystem@57d0e36f6123\InputSystem\Plugins\Users\InputUser.cs:89 
  at UnityEngine.InputSystem.Users.InputUser.get_pairedDevices () [0x00000] in .\Library\PackageCache\com.unity.inputsystem@57d0e36f6123\InputSystem\Plugins\Users\InputUser.cs:138 
  at UnityEngine.InputSystem.PlayerInput.SwitchControlSchemeInternal (UnityEngine.InputSystem.InputControlScheme& controlScheme, UnityEngine.InputSystem.InputDevice[] devices) [0x0000f] in .\Library\PackageCache\com.unity.inputsystem@57d0e36f6123\InputSystem\Plugins\PlayerInput\PlayerInput.cs:2155 
  at UnityEngine.InputSystem.PlayerInput.SwitchCurrentControlScheme (UnityEngine.InputSystem.InputDevice[] devices) [0x0004e] in .\Library\PackageCache\com.unity.inputsystem@57d0e36f6123\InputSystem\Plugins\PlayerInput\PlayerInput.cs:1050 
  at UnityEngine.InputSystem.OnScreen.OnScreenControl.OnEnable () [0x00097] in .\Library\PackageCache\com.unity.inputsystem@57d0e36f6123\InputSystem\Plugins\OnScreen\OnScreenControl.cs:250 

(Filename: ./Library/PackageCache/com.unity.inputsystem@57d0e36f6123/InputSystem/Plugins/Users/InputUser.cs Line: 89)

Loaded scene 'Assets/Scenes/BattleScene.unity'
	Deserialize:            31.454 ms
	Integration:            361.034 ms
	Integration of assets:  0.348 ms
	Thread Wait Time:       1.204 ms
	Total Operation Time:   394.040 ms
Unloading 64 unused Assets / (17.6 KB). Loaded Objects now: 9195.
Memory consumption went from 256.7 MB to 256.7 MB.
Total: 11.317000 ms (FindLiveObjects: 0.577000 ms CreateObjectMapping: 0.510300 ms MarkObjects: 10.027100 ms  DeleteObjects: 0.201500 ms)


IgnoreFailingMessages:true
Unloading 3 Unused Serialized files (Serialized files now loaded: 0)
UnloadTime: 1.825700 ms
InvalidOperationException: Invalid user
  at UnityEngine.InputSystem.Users.InputUser.get_index () [0x0003d] in .\Library\PackageCache\com.unity.inputsystem@57d0e36f6123\InputSystem\Plugins\Users\InputUser.cs:89 
  at UnityEngine.InputSystem.Users.InputUser.get_pairedDevices () [0x00000] in .\Library\PackageCache\com.unity.inputsystem@57d0e36f6123\InputSystem\Plugins\Users\InputUser.cs:138 
  at UnityEngine.InputSystem.PlayerInput.SwitchControlSchemeInternal (UnityEngine.InputSystem.InputControlScheme& controlScheme, UnityEngine.InputSystem.InputDevice[] devices) [0x0000f] in .\Library\PackageCache\com.unity.inputsystem@57d0e36f6123\InputSystem\Plugins\PlayerInput\PlayerInput.cs:2155 
  at UnityEngine.InputSystem.PlayerInput.SwitchCurrentControlScheme (UnityEngine.InputSystem.InputDevice[] devices) [0x0004e] in .\Library\PackageCache\com.unity.inputsystem@57d0e36f6123\InputSystem\Plugins\PlayerInput\PlayerInput.cs:1050 
  at UnityEngine.InputSystem.OnScreen.OnScreenControl.OnEnable () [0x00097] in .\Library\PackageCache\com.unity.inputsystem@57d0e36f6123\InputSystem\Plugins\OnScreen\OnScreenControl.cs:250 

(Filename: ./Library/PackageCache/com.unity.inputsystem@57d0e36f6123/InputSystem/Plugins/Users/InputUser.cs Line: 89)

Loaded scene 'Assets/Scenes/BattleScene.unity'
	Deserialize:            33.627 ms
	Integration:            374.551 ms
	Integration of assets:  0.502 ms
	Thread Wait Time:       0.636 ms
	Total Operation Time:   409.316 ms
Unloading 64 unused Assets / (17.7 KB). Loaded Objects now: 9195.
Memory consumption went from 256.7 MB to 256.7 MB.
Total: 12.399200 ms (FindLiveObjects: 0.580800 ms CreateObjectMapping: 0.220700 ms MarkObjects: 11.415600 ms  DeleteObjects: 0.181200 ms)


IgnoreFailingMessages:true
Unloading 3 Unused Serialized files (Serialized files now loaded: 0)
UnloadTime: 1.482400 ms
InvalidOperationException: Invalid user
  at UnityEngine.InputSystem.Users.InputUser.get_index () [0x0003d] in .\Library\PackageCache\com.unity.inputsystem@57d0e36f6123\InputSystem\Plugins\Users\InputUser.cs:89 
  at UnityEngine.InputSystem.Users.InputUser.get_pairedDevices () [0x00000] in .\Library\PackageCache\com.unity.inputsystem@57d0e36f6123\InputSystem\Plugins\Users\InputUser.cs:138 
  at UnityEngine.InputSystem.PlayerInput.SwitchControlSchemeInternal (UnityEngine.InputSystem.InputControlScheme& controlScheme, UnityEngine.InputSystem.InputDevice[] devices) [0x0000f] in .\Library\PackageCache\com.unity.inputsystem@57d0e36f6123\InputSystem\Plugins\PlayerInput\PlayerInput.cs:2155 
  at UnityEngine.InputSystem.PlayerInput.SwitchCurrentControlScheme (UnityEngine.InputSystem.InputDevice[] devices) [0x0004e] in .\Library\PackageCache\com.unity.inputsystem@57d0e36f6123\InputSystem\Plugins\PlayerInput\PlayerInput.cs:1050 
  at UnityEngine.InputSystem.OnScreen.OnScreenControl.OnEnable () [0x00097] in .\Library\PackageCache\com.unity.inputsystem@57d0e36f6123\InputSystem\Plugins\OnScreen\OnScreenControl.cs:250 

(Filename: ./Library/PackageCache/com.unity.inputsystem@57d0e36f6123/InputSystem/Plugins/Users/InputUser.cs Line: 89)

Loaded scene 'Assets/Scenes/BattleScene.unity'
	Deserialize:            31.235 ms
	Integration:            345.223 ms
	Integration of assets:  0.271 ms
	Thread Wait Time:       0.648 ms
	Total Operation Time:   377.376 ms
Unloading 64 unused Assets / (18.1 KB). Loaded Objects now: 9195.
Memory consumption went from 256.7 MB to 256.7 MB.
Total: 11.226200 ms (FindLiveObjects: 0.499900 ms CreateObjectMapping: 0.184800 ms MarkObjects: 10.355500 ms  DeleteObjects: 0.184800 ms)

Saving results to: C:/Users/ksj42/AppData/LocalLow/Sentry/SentaurSurvivors\TestResults.xml
Saving results to: D:\바탕화면\study\03.portfolio\game-qa-portfolio\01.game-automation\04.unity-utf\results\results.xml
<color=#ff7337><color=#0099bc><b>DOTWEEN ► </b></color> SAFE MODE ►</color> DOTween's safe mode captured 1 errors. This is usually ok (it's what safe mode is there for) but if your game is encountering issues you should set Log Behaviour to Default in DOTween Utility Panel in order to get detailed warnings when an error is captured (consider that these errors are always on the user side).
- 1 missing target or field errors
Unloading 1 Unused Serialized files (Serialized files now loaded: 0)
Loaded scene 'Temp/__Backupscenes/0.backup'
	Deserialize:            0.495 ms
	Integration:            387.419 ms
	Integration of assets:  0.002 ms
	Thread Wait Time:       0.015 ms
	Total Operation Time:   387.931 ms
Unloading 597 unused Assets / (31.5 MB). Loaded Objects now: 8062.
Memory consumption went from 256.7 MB to 225.1 MB.
Total: 18.119200 ms (FindLiveObjects: 0.552400 ms CreateObjectMapping: 0.633700 ms MarkObjects: 12.227700 ms  DeleteObjects: 4.703900 ms)

Executing IPostBuildCleanup for: Unity.PerformanceTesting.Editor.TestRunBuilder.
Asset Pipeline Refresh (id=1b33c36ae326a4b4cb98c558177ac230): Total: 0.051 seconds - Initiated by RefreshV2(NoUpdateAssetOptions)
Unloading 0 Unused Serialized files (Serialized files now loaded: 0)
Unloading 0 unused Assets / (0 B). Loaded Objects now: 8064.
Memory consumption went from 224.6 MB to 224.6 MB.
Total: 14.205300 ms (FindLiveObjects: 0.556200 ms CreateObjectMapping: 0.248100 ms MarkObjects: 13.384300 ms  DeleteObjects: 0.015900 ms)

Refreshing native plugins compatible for Editor in 6.57 ms, found 5 plugins.
Preloading 0 native plugins for Editor in 0.00 ms.
Asset Pipeline Refresh (id=c0f7c26c102dd36408ffc5401606feeb): Total: 0.127 seconds - Initiated by StopAssetImportingV2(NoUpdateAssetOptions)
DisplayProgressbar: Undo
Test run completed. Exiting with code 0 (Ok). Run completed.
Killing ADB server in 0.0856719 seconds.
Start importing ProjectSettings/ProjectSettings.asset using Guid(00000000000000004000000000000000) (LibraryAssetImporter) -> (artifact id: '42c1cdffd989de7c6d1d42dca4d7e30a') in 0.0155731 seconds
Refreshing native plugins compatible for Editor in 10.50 ms, found 5 plugins.
Preloading 0 native plugins for Editor in 0.00 ms.
Asset Pipeline Refresh (id=0a04972cbc4235f40b3eaa5a78dfd266): Total: 0.059 seconds - Initiated by StopAssetImportingV2(NoUpdateAssetOptions)
[Physics::Module] Cleanup current backend.
[Physics::Module] Id: 0xf2b8ea05
Input System module state changed to: ShutdownInProgress.
Input System polling thread exited.
Input System module state changed to: Shutdown.
[Licensing::IpcConnector] LicenseClient-ksj42-notifications channel disconnected successfully.
[Licensing::IpcConnector] LicenseClient-ksj42 channel disconnected successfully.
AcceleratorClientConnectionCallback - disconnected - :0
Cleanup mono
abort_threads: Failed aborting id: 000000000000E930, mono_thread_manage will ignore it

abort_threads: Failed aborting id: 000000000000E094, mono_thread_manage will ignore it

abort_threads: Failed aborting id: 000000000000E930, mono_thread_manage will ignore it

abort_threads: Failed aborting id: 000000000000E094, mono_thread_manage will ignore it

debugger-agent: Unable to listen on 3784
Checking for leaked weakptr:
  Found no leaked weakptrs.
[Package Manager] Server process was shutdown
##utp:{"type":"MemoryLeaks","version":2,"phase":"Immediate","time":1784987701508,"processId":49736,"allocatedMemory":14871990,"memoryLabels":[{"Default":14409},{"Permanent":15236},{"NewDelete":68419},{"Thread":4230344},{"Manager":33130},{"VertexData":8},{"Geometry":816},{"Texture":296},{"Shader":80531},{"Material":24},{"GfxDevice":55257},{"Animation":392},{"Audio":3040},{"FreeType":8},{"FontEngine":736},{"Physics":2090},{"Physics2D":16},{"Serialization":592},{"Input":14984},{"JobScheduler":33024},{"TextLib":216},{"Mono":32},{"MonoCode":64},{"ScriptingNativeRuntime":155060},{"BaseObject":1620272},{"Resource":1336},{"Renderer":3000},{"Transform":4685},{"File":18562},{"WebCam":616},{"Culling":32},{"Terrain":11394},{"Wind":24},{"STL":40},{"String":13993},{"DynamicArray":124006},{"HashMap":85711},{"Utility":2660134},{"Curl":2559},{"PoolAlloc":2152},{"AI":80},{"TypeTree":5341},{"ScriptManager":512},{"RuntimeInitializeOnLoadManager":64},{"SpriteAtlas":112},{"GI":7792},{"Director":8240},{"CloudService":432},{"WebRequest":808},{"VR":47994},{"SceneManager":504},{"Video":208},{"LazyScriptCache":32},{"Camera":17},{"Secure":2113},{"SerializationCache":1576},{"APIUpdating":10320},{"Subsystems":336},{"VirtualTexturing":57888},{"StaticSafetyDebugInfo":278528},{"Analytics":256},{"Hierarchy":608},{"CoreStats":13032},{"Identifiers":12960},{"Gui":96},{"EditorUtility":119619},{"VersionControl":4},{"Undo":947},{"AssetDatabase":4999570},{"EditorGi":328},{"UnityConnect":29232},{"Upm":1896},{"AssetCompliance":64},{"DrivenProperties":72},{"LocalIPC":211},{"ProfilerEditor":9746},{"CoreBusinessMetrics":2588},{"Licensing":664},{"AssetReference":32},{"IPCStream":32}]}
