2026-06-20 01:31:25 [INFO] [common.file_io] 파일 로딩 완료: 23건 (.csv) - testcases_로그인_latest.csv
2026-06-20 01:31:40 [INFO] [common.file_io] 파일 로딩 완료: 23건 (.csv) - testcases_로그인_latest.csv
2026-06-20 01:33:35 [INFO] [common.file_io] 파일 로딩 완료: 23건 (.csv) - testcases_로그인_latest.csv
2026-06-20 01:34:54 [INFO] [common.file_io] 파일 로딩 완료: 20건 (.csv) - bugs_latest.csv
2026-06-20 01:34:55 [INFO] [common.file_io] 파일 로딩 완료: 20건 (.csv) - testcases_latest.csv
2026-06-20 01:34:58 [INFO] [common.file_io] 파일 로딩 완료: 8건 (.csv) - bugs_latest.csv
2026-06-20 01:35:00 [INFO] [common.file_io] 파일 로딩 완료: 50줄 (.txt) - logs_latest.txt
2026-06-20 01:35:49 [INFO] [common.file_io] 파일 로딩 완료: 20건 (.csv) - bugs_latest.csv
2026-06-20 01:35:51 [INFO] [common.file_io] 파일 로딩 완료: 20건 (.csv) - testcases_latest.csv
2026-06-20 01:35:53 [INFO] [common.file_io] 파일 로딩 완료: 1건 (.csv) - bugs_latest.csv
2026-06-20 01:35:56 [INFO] [common.file_io] 파일 로딩 완료: 50줄 (.txt) - logs_latest.txt
2026-06-20 01:36:17 [INFO] [common.file_io] 파일 로딩 완료: 20건 (.csv) - bugs_latest.csv
2026-06-20 01:36:18 [INFO] [common.file_io] 파일 로딩 완료: 20건 (.csv) - testcases_latest.csv
2026-06-20 01:36:20 [INFO] [common.file_io] 파일 로딩 완료: 1건 (.csv) - bugs_latest.csv
2026-06-20 01:36:22 [INFO] [common.file_io] 파일 로딩 완료: 50줄 (.txt) - logs_latest.txt
2026-06-20 01:36:34 [INFO] [common.file_io] 파일 로딩 완료: 20건 (.csv) - bugs_latest.csv
2026-06-20 01:36:36 [INFO] [common.file_io] 파일 로딩 완료: 20건 (.csv) - testcases_latest.csv
2026-06-20 01:36:38 [INFO] [common.file_io] 파일 로딩 완료: 3건 (.csv) - bugs_latest.csv
2026-06-20 01:36:40 [INFO] [common.file_io] 파일 로딩 완료: 50줄 (.txt) - logs_latest.txt
2026-06-20 14:14:27 [INFO] [common.file_io] 파일 로딩 완료: 20건 (.csv) - bugs_latest.csv
2026-06-20 14:14:28 [INFO] [common.file_io] 파일 로딩 완료: 20건 (.csv) - testcases_latest.csv
2026-06-20 14:14:29 [INFO] [common.file_io] 파일 로딩 완료: 4건 (.csv) - bugs_latest.csv
2026-06-20 14:14:31 [INFO] [common.file_io] 파일 로딩 완료: 50줄 (.txt) - logs_latest.txt
2026-06-20 14:17:23 [INFO] [common.file_io] 파일 로딩 완료: 8줄 (.txt) - bug_log.txt
2026-06-20 14:30:29 [INFO] [common.file_io] 파일 로딩 완료: 20건 (.csv) - bugs_latest.csv
2026-06-20 14:30:30 [INFO] [common.file_io] 파일 로딩 완료: 20건 (.csv) - testcases_latest.csv
2026-06-20 14:30:31 [INFO] [common.file_io] 파일 로딩 완료: 8건 (.csv) - bugs_latest.csv
2026-06-20 14:30:32 [INFO] [common.file_io] 파일 로딩 완료: 50줄 (.txt) - logs_latest.txt
2026-06-20 14:33:02 [INFO] [common.file_io] 파일 로딩 완료: 20건 (.csv) - bugs_latest.csv
2026-06-20 14:33:02 [INFO] [common.file_io] 파일 로딩 완료: 20건 (.csv) - testcases_latest.csv
2026-06-20 14:33:04 [INFO] [common.file_io] 파일 로딩 완료: 7건 (.csv) - bugs_latest.csv
2026-06-20 14:33:05 [INFO] [common.file_io] 파일 로딩 완료: 50줄 (.txt) - logs_latest.txt
2026-06-20 14:34:23 [INFO] [common.file_io] 파일 로딩 완료: 20건 (.csv) - bugs_latest.csv
2026-06-20 14:34:24 [INFO] [common.file_io] 파일 로딩 완료: 20건 (.csv) - testcases_latest.csv
2026-06-20 14:34:25 [INFO] [common.file_io] 파일 로딩 완료: 3건 (.csv) - bugs_latest.csv
2026-06-20 14:34:27 [INFO] [common.file_io] 파일 로딩 완료: 50줄 (.txt) - logs_latest.txt
2026-06-20 14:38:14 [INFO] [common.file_io] 파일 로딩 완료: 20건 (.csv) - bugs_latest.csv
2026-06-20 14:38:15 [INFO] [common.file_io] 파일 로딩 완료: 20건 (.csv) - testcases_latest.csv
2026-06-20 14:38:16 [INFO] [common.file_io] 파일 로딩 완료: 3건 (.csv) - bugs_latest.csv
2026-06-20 14:38:18 [INFO] [common.file_io] 파일 로딩 완료: 50줄 (.txt) - logs_latest.txt
2026-06-20 14:43:00 [INFO] [common.file_io] 파일 로딩 완료: 20건 (.csv) - bugs_latest.csv
2026-06-20 14:43:01 [INFO] [common.file_io] 파일 로딩 완료: 20건 (.csv) - testcases_latest.csv
2026-06-20 14:43:02 [INFO] [common.file_io] 파일 로딩 완료: 3건 (.csv) - bugs_latest.csv
2026-06-20 14:43:03 [INFO] [common.file_io] 파일 로딩 완료: 50줄 (.txt) - logs_latest.txt
2026-06-20 14:44:48 [INFO] [common.file_io] 파일 로딩 완료: 20건 (.csv) - bugs_latest.csv
2026-06-20 14:44:49 [INFO] [common.file_io] 파일 로딩 완료: 20건 (.csv) - testcases_latest.csv
2026-06-20 14:44:50 [INFO] [common.file_io] 파일 로딩 완료: 6건 (.csv) - bugs_latest.csv
2026-06-20 14:44:52 [INFO] [common.file_io] 파일 로딩 완료: 50줄 (.txt) - logs_latest.txt
2026-06-20 20:01:36 [INFO] [common.file_io] 파일 로딩 완료: 20건 (.csv) - bugs_latest.csv
2026-06-20 20:02:08 [INFO] [common.file_io] 파일 로딩 완료: 20건 (.csv) - bugs_latest.csv
2026-06-20 20:02:08 [INFO] [common.file_io] 파일 로딩 완료: 20건 (.csv) - bugs_latest.csv
2026-06-20 20:20:04 [INFO] [common.file_io] 파일 로딩 완료: 20건 (.csv) - bugs_latest.csv
2026-06-20 23:14:30 [INFO] [common.file_io] 파일 로딩 완료: 2건 (.csv) - test_minimal.csv
2026-06-20 23:14:42 [INFO] [common.file_io] 파일 로딩 완료: 2건 (.csv) - test_minimal.csv
2026-06-20 23:15:48 [INFO] [common.file_io] 파일 로딩 완료: 2건 (.csv) - test_minimal.csv
2026-06-20 23:17:45 [INFO] [common.file_io] 파일 로딩 완료: 2건 (.csv) - test_minimal.csv
