2026-06-20 01:34:58 [INFO] [excel-reporter] 실행 시작 - 옵션: --excel / 파일: ['03.md-report-gen/결과/bugs_latest.csv']
2026-06-20 01:34:58 [INFO] [excel-reporter] 리포트 생성 시작: 03.md-report-gen/결과/bugs_latest.csv
2026-06-20 01:34:58 [INFO] [excel-reporter] 통계 - 총 8건 / 해결률 0.0%
2026-06-20 01:34:58 [INFO] [excel-reporter] XLSX 저장 완료: D:\바탕화면\study\03.portfolio\game-qa-portfolio\02.tools\04.excel-reporter\결과\report_2026-06-20_01-34-58.xlsx
2026-06-20 01:34:58 [INFO] [excel-reporter] 전체 완료 - 1개 파일 생성
2026-06-20 01:35:53 [INFO] [excel-reporter] 실행 시작 - 옵션: --all / 파일: ['03.md-report-gen/결과/bugs_latest.csv']
2026-06-20 01:35:53 [INFO] [excel-reporter] 리포트 생성 시작: 03.md-report-gen/결과/bugs_latest.csv
2026-06-20 01:35:53 [INFO] [excel-reporter] 통계 - 총 1건 / 해결률 0.0%
2026-06-20 01:35:53 [INFO] [excel-reporter] XLSX 저장 완료: D:\바탕화면\study\03.portfolio\game-qa-portfolio\02.tools\04.excel-reporter\결과\report_2026-06-20_01-35-53.xlsx
2026-06-20 01:35:53 [INFO] [excel-reporter] JSON 저장 완료: D:\바탕화면\study\03.portfolio\game-qa-portfolio\02.tools\04.excel-reporter\결과\report_2026-06-20_01-35-53.json
2026-06-20 01:35:53 [INFO] [excel-reporter] HTML 저장 완료: D:\바탕화면\study\03.portfolio\game-qa-portfolio\02.tools\04.excel-reporter\결과\report_2026-06-20_01-35-53.html
2026-06-20 01:35:54 [INFO] [excel-reporter] PDF 저장 완료: D:\바탕화면\study\03.portfolio\game-qa-portfolio\02.tools\04.excel-reporter\결과\report_2026-06-20_01-35-53.pdf
2026-06-20 01:35:54 [INFO] [excel-reporter] 전체 완료 - 4개 파일 생성
2026-06-20 01:36:20 [INFO] [excel-reporter] 실행 시작 - 옵션: --all / 파일: ['03.md-report-gen/결과/bugs_latest.csv']
2026-06-20 01:36:20 [INFO] [excel-reporter] 리포트 생성 시작: 03.md-report-gen/결과/bugs_latest.csv
2026-06-20 01:36:20 [INFO] [excel-reporter] 통계 - 총 1건 / 해결률 0.0%
2026-06-20 01:36:20 [INFO] [excel-reporter] XLSX 저장 완료: D:\바탕화면\study\03.portfolio\game-qa-portfolio\02.tools\04.excel-reporter\결과\report_2026-06-20_01-36-20.xlsx
2026-06-20 01:36:20 [INFO] [excel-reporter] JSON 저장 완료: D:\바탕화면\study\03.portfolio\game-qa-portfolio\02.tools\04.excel-reporter\결과\report_2026-06-20_01-36-20.json
2026-06-20 01:36:20 [INFO] [excel-reporter] HTML 저장 완료: D:\바탕화면\study\03.portfolio\game-qa-portfolio\02.tools\04.excel-reporter\결과\report_2026-06-20_01-36-20.html
2026-06-20 01:36:21 [INFO] [excel-reporter] PDF 저장 완료: D:\바탕화면\study\03.portfolio\game-qa-portfolio\02.tools\04.excel-reporter\결과\report_2026-06-20_01-36-20.pdf
2026-06-20 01:36:21 [INFO] [excel-reporter] 전체 완료 - 4개 파일 생성
2026-06-20 01:36:38 [INFO] [excel-reporter] 실행 시작 - 옵션: --all / 파일: ['03.md-report-gen/결과/bugs_latest.csv']
2026-06-20 01:36:38 [INFO] [excel-reporter] 리포트 생성 시작: 03.md-report-gen/결과/bugs_latest.csv
2026-06-20 01:36:38 [INFO] [excel-reporter] 통계 - 총 3건 / 해결률 0.0%
2026-06-20 01:36:38 [INFO] [excel-reporter] XLSX 저장 완료: D:\바탕화면\study\03.portfolio\game-qa-portfolio\02.tools\04.excel-reporter\결과\report_2026-06-20_01-36-38.xlsx
2026-06-20 01:36:38 [INFO] [excel-reporter] JSON 저장 완료: D:\바탕화면\study\03.portfolio\game-qa-portfolio\02.tools\04.excel-reporter\결과\report_2026-06-20_01-36-38.json
2026-06-20 01:36:38 [INFO] [excel-reporter] HTML 저장 완료: D:\바탕화면\study\03.portfolio\game-qa-portfolio\02.tools\04.excel-reporter\결과\report_2026-06-20_01-36-38.html
2026-06-20 01:36:38 [INFO] [excel-reporter] PDF 저장 완료: D:\바탕화면\study\03.portfolio\game-qa-portfolio\02.tools\04.excel-reporter\결과\report_2026-06-20_01-36-38.pdf
2026-06-20 01:36:38 [INFO] [excel-reporter] 전체 완료 - 4개 파일 생성
2026-06-20 14:14:29 [INFO] [excel-reporter] 실행 시작 - 옵션: --all / 파일: ['03.md-report-gen/결과/bugs_latest.csv']
2026-06-20 14:14:29 [INFO] [excel-reporter] 리포트 생성 시작: 03.md-report-gen/결과/bugs_latest.csv
2026-06-20 14:14:29 [INFO] [excel-reporter] 통계 - 총 4건 / 해결률 0.0%
2026-06-20 14:14:30 [INFO] [excel-reporter] XLSX 저장 완료: D:\바탕화면\study\03.portfolio\game-qa-portfolio\02.tools\04.excel-reporter\결과\report_2026-06-20_14-14-29.xlsx
2026-06-20 14:14:30 [INFO] [excel-reporter] JSON 저장 완료: D:\바탕화면\study\03.portfolio\game-qa-portfolio\02.tools\04.excel-reporter\결과\report_2026-06-20_14-14-30.json
2026-06-20 14:14:30 [INFO] [excel-reporter] HTML 저장 완료: D:\바탕화면\study\03.portfolio\game-qa-portfolio\02.tools\04.excel-reporter\결과\report_2026-06-20_14-14-30.html
2026-06-20 14:14:30 [INFO] [excel-reporter] PDF 저장 완료: D:\바탕화면\study\03.portfolio\game-qa-portfolio\02.tools\04.excel-reporter\결과\report_2026-06-20_14-14-30.pdf
2026-06-20 14:14:30 [INFO] [excel-reporter] 전체 완료 - 4개 파일 생성
2026-06-20 14:30:31 [INFO] [excel-reporter] 실행 시작 - 옵션: --excel / 파일: ['03.md-report-gen/결과/bugs_latest.csv']
2026-06-20 14:30:31 [INFO] [excel-reporter] 리포트 생성 시작: 03.md-report-gen/결과/bugs_latest.csv
2026-06-20 14:30:31 [INFO] [excel-reporter] 통계 - 총 8건 / 해결률 0.0%
2026-06-20 14:30:31 [INFO] [excel-reporter] XLSX 저장 완료: D:\바탕화면\study\03.portfolio\game-qa-portfolio\02.tools\04.excel-reporter\결과\report_2026-06-20_14-30-31.xlsx
2026-06-20 14:30:31 [INFO] [excel-reporter] 전체 완료 - 1개 파일 생성
2026-06-20 14:33:04 [INFO] [excel-reporter] 실행 시작 - 옵션: --excel / 파일: ['03.md-report-gen/결과/bugs_latest.csv']
2026-06-20 14:33:04 [INFO] [excel-reporter] 리포트 생성 시작: 03.md-report-gen/결과/bugs_latest.csv
2026-06-20 14:33:04 [INFO] [excel-reporter] 통계 - 총 7건 / 해결률 0.0%
2026-06-20 14:33:04 [INFO] [excel-reporter] XLSX 저장 완료: D:\바탕화면\study\03.portfolio\game-qa-portfolio\02.tools\04.excel-reporter\결과\report_2026-06-20_14-33-04.xlsx
2026-06-20 14:33:04 [INFO] [excel-reporter] 전체 완료 - 1개 파일 생성
2026-06-20 14:34:25 [INFO] [excel-reporter] 실행 시작 - 옵션: --all / 파일: ['03.md-report-gen/결과/bugs_latest.csv']
2026-06-20 14:34:25 [INFO] [excel-reporter] 리포트 생성 시작: 03.md-report-gen/결과/bugs_latest.csv
2026-06-20 14:34:25 [INFO] [excel-reporter] 통계 - 총 3건 / 해결률 0.0%
2026-06-20 14:34:26 [INFO] [excel-reporter] XLSX 저장 완료: D:\바탕화면\study\03.portfolio\game-qa-portfolio\02.tools\04.excel-reporter\결과\report_2026-06-20_14-34-25.xlsx
2026-06-20 14:34:26 [INFO] [excel-reporter] JSON 저장 완료: D:\바탕화면\study\03.portfolio\game-qa-portfolio\02.tools\04.excel-reporter\결과\report_2026-06-20_14-34-26.json
2026-06-20 14:34:26 [INFO] [excel-reporter] HTML 저장 완료: D:\바탕화면\study\03.portfolio\game-qa-portfolio\02.tools\04.excel-reporter\결과\report_2026-06-20_14-34-26.html
2026-06-20 14:34:26 [INFO] [excel-reporter] PDF 저장 완료: D:\바탕화면\study\03.portfolio\game-qa-portfolio\02.tools\04.excel-reporter\결과\report_2026-06-20_14-34-26.pdf
2026-06-20 14:34:26 [INFO] [excel-reporter] 전체 완료 - 4개 파일 생성
2026-06-20 14:38:16 [INFO] [excel-reporter] 실행 시작 - 옵션: --all / 파일: ['03.md-report-gen/결과/bugs_latest.csv']
2026-06-20 14:38:16 [INFO] [excel-reporter] 리포트 생성 시작: 03.md-report-gen/결과/bugs_latest.csv
2026-06-20 14:38:16 [INFO] [excel-reporter] 통계 - 총 3건 / 해결률 0.0%
2026-06-20 14:38:17 [INFO] [excel-reporter] XLSX 저장 완료: D:\바탕화면\study\03.portfolio\game-qa-portfolio\02.tools\04.excel-reporter\결과\report_2026-06-20_14-38-16.xlsx
2026-06-20 14:38:17 [INFO] [excel-reporter] JSON 저장 완료: D:\바탕화면\study\03.portfolio\game-qa-portfolio\02.tools\04.excel-reporter\결과\report_2026-06-20_14-38-17.json
2026-06-20 14:38:17 [INFO] [excel-reporter] HTML 저장 완료: D:\바탕화면\study\03.portfolio\game-qa-portfolio\02.tools\04.excel-reporter\결과\report_2026-06-20_14-38-17.html
2026-06-20 14:38:17 [INFO] [excel-reporter] PDF 저장 완료: D:\바탕화면\study\03.portfolio\game-qa-portfolio\02.tools\04.excel-reporter\결과\report_2026-06-20_14-38-17.pdf
2026-06-20 14:38:17 [INFO] [excel-reporter] 전체 완료 - 4개 파일 생성
2026-06-20 14:43:02 [INFO] [excel-reporter] 실행 시작 - 옵션: --all / 파일: ['03.md-report-gen/결과/bugs_latest.csv']
2026-06-20 14:43:02 [INFO] [excel-reporter] 리포트 생성 시작: 03.md-report-gen/결과/bugs_latest.csv
2026-06-20 14:43:02 [INFO] [excel-reporter] 통계 - 총 3건 / 해결률 0.0%
2026-06-20 14:43:02 [INFO] [excel-reporter] XLSX 저장 완료: D:\바탕화면\study\03.portfolio\game-qa-portfolio\02.tools\04.excel-reporter\결과\report_2026-06-20_14-43-02.xlsx
2026-06-20 14:43:02 [INFO] [excel-reporter] JSON 저장 완료: D:\바탕화면\study\03.portfolio\game-qa-portfolio\02.tools\04.excel-reporter\결과\report_2026-06-20_14-43-02.json
2026-06-20 14:43:02 [INFO] [excel-reporter] HTML 저장 완료: D:\바탕화면\study\03.portfolio\game-qa-portfolio\02.tools\04.excel-reporter\결과\report_2026-06-20_14-43-02.html
2026-06-20 14:43:02 [INFO] [excel-reporter] PDF 저장 완료: D:\바탕화면\study\03.portfolio\game-qa-portfolio\02.tools\04.excel-reporter\결과\report_2026-06-20_14-43-02.pdf
2026-06-20 14:43:02 [INFO] [excel-reporter] 전체 완료 - 4개 파일 생성
2026-06-20 14:44:50 [INFO] [excel-reporter] 실행 시작 - 옵션: --all / 파일: ['03.md-report-gen/결과/bugs_latest.csv']
2026-06-20 14:44:50 [INFO] [excel-reporter] 리포트 생성 시작: 03.md-report-gen/결과/bugs_latest.csv
2026-06-20 14:44:50 [INFO] [excel-reporter] 통계 - 총 6건 / 해결률 0.0%
2026-06-20 14:44:50 [INFO] [excel-reporter] XLSX 저장 완료: D:\바탕화면\study\03.portfolio\game-qa-portfolio\02.tools\04.excel-reporter\결과\report_2026-06-20_14-44-50.xlsx
2026-06-20 14:44:50 [INFO] [excel-reporter] JSON 저장 완료: D:\바탕화면\study\03.portfolio\game-qa-portfolio\02.tools\04.excel-reporter\결과\report_2026-06-20_14-44-50.json
2026-06-20 14:44:50 [INFO] [excel-reporter] HTML 저장 완료: D:\바탕화면\study\03.portfolio\game-qa-portfolio\02.tools\04.excel-reporter\결과\report_2026-06-20_14-44-50.html
2026-06-20 14:44:50 [INFO] [excel-reporter] PDF 저장 완료: D:\바탕화면\study\03.portfolio\game-qa-portfolio\02.tools\04.excel-reporter\결과\report_2026-06-20_14-44-50.pdf
2026-06-20 14:44:50 [INFO] [excel-reporter] 전체 완료 - 4개 파일 생성
2026-06-20 23:14:42 [INFO] [excel-reporter] 실행 시작 - 옵션: --all / 파일: ['test_minimal.csv']
2026-06-20 23:14:42 [INFO] [excel-reporter] 리포트 생성 시작: test_minimal.csv
2026-06-20 23:15:48 [INFO] [excel-reporter] 실행 시작 - 옵션: --all / 파일: ['test_minimal.csv']
2026-06-20 23:15:48 [INFO] [excel-reporter] 리포트 생성 시작: test_minimal.csv
2026-06-20 23:15:48 [INFO] [excel-reporter] 누락 컬럼 자동 추가: 버그ID
2026-06-20 23:15:48 [INFO] [excel-reporter] 누락 컬럼 자동 추가: 제목
2026-06-20 23:15:48 [INFO] [excel-reporter] 누락 컬럼 자동 추가: 심각도
2026-06-20 23:15:48 [INFO] [excel-reporter] 누락 컬럼 자동 추가: 우선순위
2026-06-20 23:15:48 [INFO] [excel-reporter] 누락 컬럼 자동 추가: 상태
2026-06-20 23:15:48 [INFO] [excel-reporter] 누락 컬럼 자동 추가: 플랫폼
2026-06-20 23:15:48 [INFO] [excel-reporter] 누락 컬럼 자동 추가: 발견자
2026-06-20 23:15:48 [INFO] [excel-reporter] 누락 컬럼 자동 추가: 발견일
2026-06-20 23:15:48 [INFO] [excel-reporter] 누락 컬럼 자동 추가: 해결일
2026-06-20 23:15:48 [INFO] [excel-reporter] 누락 컬럼 자동 추가: 재현율
2026-06-20 23:15:48 [INFO] [excel-reporter] 누락 컬럼 자동 추가: 버전
2026-06-20 23:15:48 [INFO] [excel-reporter] 통계 - 총 2건 / 해결률 0.0%
2026-06-20 23:15:48 [INFO] [excel-reporter] XLSX 저장 완료: D:\바탕화면\study\03.portfolio\game-qa-portfolio\02.tools\04.excel-reporter\결과\report_2026-06-20_23-15-48.xlsx
2026-06-20 23:15:48 [INFO] [excel-reporter] JSON 저장 완료: D:\바탕화면\study\03.portfolio\game-qa-portfolio\02.tools\04.excel-reporter\결과\report_2026-06-20_23-15-48.json
2026-06-20 23:15:48 [INFO] [excel-reporter] HTML 저장 완료: D:\바탕화면\study\03.portfolio\game-qa-portfolio\02.tools\04.excel-reporter\결과\report_2026-06-20_23-15-48.html
2026-06-20 23:15:48 [INFO] [excel-reporter] PDF 저장 완료: D:\바탕화면\study\03.portfolio\game-qa-portfolio\02.tools\04.excel-reporter\결과\report_2026-06-20_23-15-48.pdf
2026-06-20 23:15:48 [INFO] [excel-reporter] 전체 완료 - 4개 파일 생성
