2026-06-20 01:34:47 [INFO] [pipeline] 파이프라인 시작 - 옵션: {'all': False, 'skip_gen': False, 'count': None, 'data': 'all', 'open': False}
2026-06-20 01:34:47 [INFO] [pipeline] 단계 시작: [단계 0] TC 자동 생성 (ISTQB 기법)
2026-06-20 01:34:48 [INFO] [pipeline] 단계 완료: [단계 0] TC 자동 생성 (ISTQB 기법)
2026-06-20 01:34:48 [INFO] [pipeline] 단계 시작: [단계 1] 테스트 데이터 생성
2026-06-20 01:34:51 [INFO] [pipeline] 단계 완료: [단계 1] 테스트 데이터 생성
2026-06-20 01:34:51 [INFO] [pipeline] 단계 시작: [단계 2] 데이터 무결성 검증
2026-06-20 01:34:54 [INFO] [pipeline] 단계 완료: [단계 2] 데이터 무결성 검증
2026-06-20 01:34:54 [INFO] [pipeline] 단계 시작: [단계 3] 마크다운 버그 리포트 생성
2026-06-20 01:34:55 [INFO] [pipeline] 단계 완료: [단계 3] 마크다운 버그 리포트 생성
2026-06-20 01:34:55 [INFO] [pipeline] 단계 시작: [단계 4] 엑셀 리포트 생성
2026-06-20 01:34:58 [INFO] [pipeline] 단계 완료: [단계 4] 엑셀 리포트 생성
2026-06-20 01:34:58 [INFO] [pipeline] 단계 시작: [단계 5] 로그 분석
2026-06-20 01:35:00 [INFO] [pipeline] 단계 완료: [단계 5] 로그 분석
2026-06-20 01:35:00 [INFO] [pipeline] 파이프라인 종료 - 성공: 6 / 실패: 0 / 시간: 13.6초
2026-06-20 01:35:44 [INFO] [pipeline] 파이프라인 시작 - 옵션: {'all': True, 'skip_gen': False, 'count': None, 'data': 'all', 'open': False}
2026-06-20 01:35:44 [INFO] [pipeline] 단계 시작: [단계 0] TC 자동 생성 (ISTQB 기법)
2026-06-20 01:35:45 [INFO] [pipeline] 단계 완료: [단계 0] TC 자동 생성 (ISTQB 기법)
2026-06-20 01:35:45 [INFO] [pipeline] 단계 시작: [단계 1] 테스트 데이터 생성
2026-06-20 01:35:47 [INFO] [pipeline] 단계 완료: [단계 1] 테스트 데이터 생성
2026-06-20 01:35:47 [INFO] [pipeline] 단계 시작: [단계 2] 데이터 무결성 검증
2026-06-20 01:35:50 [INFO] [pipeline] 단계 완료: [단계 2] 데이터 무결성 검증
2026-06-20 01:35:50 [INFO] [pipeline] 단계 시작: [단계 3] 마크다운 버그 리포트 생성
2026-06-20 01:35:51 [INFO] [pipeline] 단계 완료: [단계 3] 마크다운 버그 리포트 생성
2026-06-20 01:35:51 [INFO] [pipeline] 단계 시작: [단계 4] 엑셀 리포트 생성
2026-06-20 01:35:54 [INFO] [pipeline] 단계 완료: [단계 4] 엑셀 리포트 생성
2026-06-20 01:35:54 [INFO] [pipeline] 단계 시작: [단계 5] 로그 분석
2026-06-20 01:35:56 [INFO] [pipeline] 단계 완료: [단계 5] 로그 분석
2026-06-20 01:35:56 [INFO] [pipeline] 파이프라인 종료 - 성공: 6 / 실패: 0 / 시간: 11.9초
2026-06-20 01:36:14 [INFO] [pipeline] 파이프라인 시작 - 옵션: {'all': True, 'skip_gen': True, 'count': None, 'data': 'all', 'open': False}
2026-06-20 01:36:14 [INFO] [pipeline] 단계 시작: [단계 0] TC 자동 생성 (ISTQB 기법)
2026-06-20 01:36:16 [INFO] [pipeline] 단계 완료: [단계 0] TC 자동 생성 (ISTQB 기법)
2026-06-20 01:36:16 [INFO] [pipeline] 단계 1 건너뜀
2026-06-20 01:36:16 [INFO] [pipeline] 단계 시작: [단계 2] 데이터 무결성 검증
2026-06-20 01:36:17 [INFO] [pipeline] 단계 완료: [단계 2] 데이터 무결성 검증
2026-06-20 01:36:17 [INFO] [pipeline] 단계 시작: [단계 3] 마크다운 버그 리포트 생성
2026-06-20 01:36:19 [INFO] [pipeline] 단계 완료: [단계 3] 마크다운 버그 리포트 생성
2026-06-20 01:36:19 [INFO] [pipeline] 단계 시작: [단계 4] 엑셀 리포트 생성
2026-06-20 01:36:21 [INFO] [pipeline] 단계 완료: [단계 4] 엑셀 리포트 생성
2026-06-20 01:36:21 [INFO] [pipeline] 단계 시작: [단계 5] 로그 분석
2026-06-20 01:36:22 [INFO] [pipeline] 단계 완료: [단계 5] 로그 분석
2026-06-20 01:36:22 [INFO] [pipeline] 파이프라인 종료 - 성공: 5 / 실패: 0 / 시간: 8.1초
2026-06-20 01:36:29 [INFO] [pipeline] 파이프라인 시작 - 옵션: {'all': True, 'skip_gen': False, 'count': None, 'data': 'all', 'open': True}
2026-06-20 01:36:29 [INFO] [pipeline] 단계 시작: [단계 0] TC 자동 생성 (ISTQB 기법)
2026-06-20 01:36:30 [INFO] [pipeline] 단계 완료: [단계 0] TC 자동 생성 (ISTQB 기법)
2026-06-20 01:36:30 [INFO] [pipeline] 단계 시작: [단계 1] 테스트 데이터 생성
2026-06-20 01:36:32 [INFO] [pipeline] 단계 완료: [단계 1] 테스트 데이터 생성
2026-06-20 01:36:32 [INFO] [pipeline] 단계 시작: [단계 2] 데이터 무결성 검증
2026-06-20 01:36:35 [INFO] [pipeline] 단계 완료: [단계 2] 데이터 무결성 검증
2026-06-20 01:36:35 [INFO] [pipeline] 단계 시작: [단계 3] 마크다운 버그 리포트 생성
2026-06-20 01:36:36 [INFO] [pipeline] 단계 완료: [단계 3] 마크다운 버그 리포트 생성
2026-06-20 01:36:36 [INFO] [pipeline] 단계 시작: [단계 4] 엑셀 리포트 생성
2026-06-20 01:36:38 [INFO] [pipeline] 단계 완료: [단계 4] 엑셀 리포트 생성
2026-06-20 01:36:38 [INFO] [pipeline] 단계 시작: [단계 5] 로그 분석
2026-06-20 01:36:40 [INFO] [pipeline] 단계 완료: [단계 5] 로그 분석
2026-06-20 01:36:40 [INFO] [pipeline] 파이프라인 종료 - 성공: 6 / 실패: 0 / 시간: 11.7초
2026-06-20 01:36:40 [INFO] [pipeline] 결과 폴더 자동 오픈
2026-06-20 14:14:22 [INFO] [pipeline] 파이프라인 시작 - 옵션: {'all': True, 'skip_gen': False, 'skip_tc': False, 'count': None, 'data': 'all', 'open': False, 'start_from': 0}
2026-06-20 14:14:22 [INFO] [pipeline] 단계 시작: [단계 0] TC 자동 생성 (ISTQB 기법)
2026-06-20 14:14:24 [INFO] [pipeline] 단계 완료: [단계 0] TC 자동 생성 (ISTQB 기법)
2026-06-20 14:14:24 [INFO] [pipeline] 단계 시작: [단계 1] 테스트 데이터 생성
2026-06-20 14:14:26 [INFO] [pipeline] 단계 완료: [단계 1] 테스트 데이터 생성
2026-06-20 14:14:26 [INFO] [pipeline] 단계 시작: [단계 2] 데이터 무결성 검증
2026-06-20 14:14:27 [INFO] [pipeline] 단계 완료: [단계 2] 데이터 무결성 검증
2026-06-20 14:14:27 [INFO] [pipeline] 단계 시작: [단계 3] 마크다운 버그 리포트 생성
2026-06-20 14:14:28 [INFO] [pipeline] 단계 완료: [단계 3] 마크다운 버그 리포트 생성
2026-06-20 14:14:28 [INFO] [pipeline] 단계 시작: [단계 4] 엑셀 리포트 생성
2026-06-20 14:14:30 [INFO] [pipeline] 단계 완료: [단계 4] 엑셀 리포트 생성
2026-06-20 14:14:30 [INFO] [pipeline] 단계 시작: [단계 5] 로그 분석
2026-06-20 14:14:31 [INFO] [pipeline] 단계 완료: [단계 5] 로그 분석
2026-06-20 14:14:31 [INFO] [pipeline] 파이프라인 종료 - 성공: 6 / 실패: 0 / 시간: 9.1초
2026-06-20 14:30:25 [INFO] [pipeline] 파이프라인 시작 - 옵션: {'all': False, 'skip_gen': False, 'skip_tc': False, 'count': None, 'data': 'all', 'open': False, 'start_from': 0}
2026-06-20 14:30:25 [INFO] [pipeline] 단계 시작: [단계 0] TC 자동 생성 (ISTQB 기법)
2026-06-20 14:30:26 [INFO] [pipeline] 단계 완료: [단계 0] TC 자동 생성 (ISTQB 기법)
2026-06-20 14:30:26 [INFO] [pipeline] 단계 시작: [단계 1] 테스트 데이터 생성
2026-06-20 14:30:28 [INFO] [pipeline] 단계 완료: [단계 1] 테스트 데이터 생성
2026-06-20 14:30:28 [INFO] [pipeline] 단계 시작: [단계 2] 데이터 무결성 검증
2026-06-20 14:30:29 [INFO] [pipeline] 단계 완료: [단계 2] 데이터 무결성 검증
2026-06-20 14:30:29 [INFO] [pipeline] 단계 시작: [단계 3] 마크다운 버그 리포트 생성
2026-06-20 14:30:30 [INFO] [pipeline] 단계 완료: [단계 3] 마크다운 버그 리포트 생성
2026-06-20 14:30:30 [INFO] [pipeline] 단계 시작: [단계 4] 엑셀 리포트 생성
2026-06-20 14:30:31 [INFO] [pipeline] 단계 완료: [단계 4] 엑셀 리포트 생성
2026-06-20 14:30:31 [INFO] [pipeline] 단계 시작: [단계 5] 로그 분석
2026-06-20 14:30:32 [INFO] [pipeline] 단계 완료: [단계 5] 로그 분석
2026-06-20 14:30:32 [INFO] [pipeline] 파이프라인 종료 - 성공: 6 / 실패: 0 / 시간: 7.6초
2026-06-20 14:32:57 [INFO] [pipeline] 파이프라인 시작 - 옵션: {'all': False, 'skip_gen': False, 'skip_tc': False, 'count': None, 'data': 'all', 'open': False, 'start_from': 0}
2026-06-20 14:32:57 [INFO] [pipeline] 단계 시작: [단계 0] TC 자동 생성 (ISTQB 기법)
2026-06-20 14:32:59 [INFO] [pipeline] 단계 완료: [단계 0] TC 자동 생성 (ISTQB 기법)
2026-06-20 14:32:59 [INFO] [pipeline] 단계 시작: [단계 1] 테스트 데이터 생성
2026-06-20 14:33:00 [INFO] [pipeline] 단계 완료: [단계 1] 테스트 데이터 생성
2026-06-20 14:33:00 [INFO] [pipeline] 단계 시작: [단계 2] 데이터 무결성 검증
2026-06-20 14:33:02 [INFO] [pipeline] 단계 완료: [단계 2] 데이터 무결성 검증
2026-06-20 14:33:02 [INFO] [pipeline] 단계 시작: [단계 3] 마크다운 버그 리포트 생성
2026-06-20 14:33:03 [INFO] [pipeline] 단계 완료: [단계 3] 마크다운 버그 리포트 생성
2026-06-20 14:33:03 [INFO] [pipeline] 단계 시작: [단계 4] 엑셀 리포트 생성
2026-06-20 14:33:04 [INFO] [pipeline] 단계 완료: [단계 4] 엑셀 리포트 생성
2026-06-20 14:33:04 [INFO] [pipeline] 단계 시작: [단계 5] 로그 분석
2026-06-20 14:33:05 [INFO] [pipeline] 단계 완료: [단계 5] 로그 분석
2026-06-20 14:33:05 [INFO] [pipeline] 파이프라인 종료 - 성공: 6 / 실패: 0 / 시간: 8.1초
2026-06-20 14:34:19 [INFO] [pipeline] 파이프라인 시작 - 옵션: {'all': True, 'skip_gen': False, 'skip_tc': False, 'count': None, 'data': 'all', 'open': False, 'start_from': 0}
2026-06-20 14:34:19 [INFO] [pipeline] 단계 시작: [단계 0] TC 자동 생성 (ISTQB 기법)
2026-06-20 14:34:21 [INFO] [pipeline] 단계 완료: [단계 0] TC 자동 생성 (ISTQB 기법)
2026-06-20 14:34:21 [INFO] [pipeline] 단계 시작: [단계 1] 테스트 데이터 생성
2026-06-20 14:34:22 [INFO] [pipeline] 단계 완료: [단계 1] 테스트 데이터 생성
2026-06-20 14:34:22 [INFO] [pipeline] 단계 시작: [단계 2] 데이터 무결성 검증
2026-06-20 14:34:23 [INFO] [pipeline] 단계 완료: [단계 2] 데이터 무결성 검증
2026-06-20 14:34:23 [INFO] [pipeline] 단계 시작: [단계 3] 마크다운 버그 리포트 생성
2026-06-20 14:34:24 [INFO] [pipeline] 단계 완료: [단계 3] 마크다운 버그 리포트 생성
2026-06-20 14:34:24 [INFO] [pipeline] 단계 시작: [단계 4] 엑셀 리포트 생성
2026-06-20 14:34:26 [INFO] [pipeline] 단계 완료: [단계 4] 엑셀 리포트 생성
2026-06-20 14:34:26 [INFO] [pipeline] 단계 시작: [단계 5] 로그 분석
2026-06-20 14:34:27 [INFO] [pipeline] 단계 완료: [단계 5] 로그 분석
2026-06-20 14:34:27 [INFO] [pipeline] 파이프라인 종료 - 성공: 6 / 실패: 0 / 시간: 8.0초
2026-06-20 14:38:10 [INFO] [pipeline] 파이프라인 시작 - 옵션: {'all': True, 'skip_gen': False, 'skip_tc': False, 'count': None, 'data': 'all', 'open': False, 'start_from': 0}
2026-06-20 14:38:10 [INFO] [pipeline] 단계 시작: [단계 0] TC 자동 생성 (ISTQB 기법)
2026-06-20 14:38:12 [INFO] [pipeline] 단계 완료: [단계 0] TC 자동 생성 (ISTQB 기법)
2026-06-20 14:38:12 [INFO] [pipeline] 단계 시작: [단계 1] 테스트 데이터 생성
2026-06-20 14:38:13 [INFO] [pipeline] 단계 완료: [단계 1] 테스트 데이터 생성
2026-06-20 14:38:13 [INFO] [pipeline] 단계 시작: [단계 2] 데이터 무결성 검증
2026-06-20 14:38:15 [INFO] [pipeline] 단계 완료: [단계 2] 데이터 무결성 검증
2026-06-20 14:38:15 [INFO] [pipeline] 단계 시작: [단계 3] 마크다운 버그 리포트 생성
2026-06-20 14:38:15 [INFO] [pipeline] 단계 완료: [단계 3] 마크다운 버그 리포트 생성
2026-06-20 14:38:15 [INFO] [pipeline] 단계 시작: [단계 4] 엑셀 리포트 생성
2026-06-20 14:38:17 [INFO] [pipeline] 단계 완료: [단계 4] 엑셀 리포트 생성
2026-06-20 14:38:17 [INFO] [pipeline] 단계 시작: [단계 5] 로그 분석
2026-06-20 14:38:18 [INFO] [pipeline] 단계 완료: [단계 5] 로그 분석
2026-06-20 14:38:18 [INFO] [pipeline] 파이프라인 종료 - 성공: 6 / 실패: 0 / 시간: 8.0초
2026-06-20 14:42:56 [INFO] [pipeline] 파이프라인 시작 - 옵션: {'all': True, 'skip_gen': False, 'skip_tc': False, 'count': None, 'data': 'all', 'open': False, 'start_from': 0}
2026-06-20 14:42:56 [INFO] [pipeline] 단계 시작: [단계 0] TC 자동 생성 (ISTQB 기법)
2026-06-20 14:42:57 [INFO] [pipeline] 단계 완료: [단계 0] TC 자동 생성 (ISTQB 기법)
2026-06-20 14:42:57 [INFO] [pipeline] 단계 시작: [단계 1] 테스트 데이터 생성
2026-06-20 14:42:59 [INFO] [pipeline] 단계 완료: [단계 1] 테스트 데이터 생성
2026-06-20 14:42:59 [INFO] [pipeline] 단계 시작: [단계 2] 데이터 무결성 검증
2026-06-20 14:43:00 [INFO] [pipeline] 단계 완료: [단계 2] 데이터 무결성 검증
2026-06-20 14:43:00 [INFO] [pipeline] 단계 시작: [단계 3] 마크다운 버그 리포트 생성
2026-06-20 14:43:01 [INFO] [pipeline] 단계 완료: [단계 3] 마크다운 버그 리포트 생성
2026-06-20 14:43:01 [INFO] [pipeline] 단계 시작: [단계 4] 엑셀 리포트 생성
2026-06-20 14:43:02 [INFO] [pipeline] 단계 완료: [단계 4] 엑셀 리포트 생성
2026-06-20 14:43:02 [INFO] [pipeline] 단계 시작: [단계 5] 로그 분석
2026-06-20 14:43:04 [INFO] [pipeline] 단계 완료: [단계 5] 로그 분석
2026-06-20 14:43:04 [INFO] [pipeline] 파이프라인 종료 - 성공: 6 / 실패: 0 / 시간: 7.9초
2026-06-20 14:44:44 [INFO] [pipeline] 파이프라인 시작 - 옵션: {'all': True, 'skip_gen': False, 'skip_tc': False, 'count': None, 'data': 'all', 'open': False, 'start_from': 0}
2026-06-20 14:44:44 [INFO] [pipeline] 단계 시작: [단계 0] TC 자동 생성 (ISTQB 기법)
2026-06-20 14:44:45 [INFO] [pipeline] 단계 완료: [단계 0] TC 자동 생성 (ISTQB 기법)
2026-06-20 14:44:45 [INFO] [pipeline] 단계 시작: [단계 1] 테스트 데이터 생성
2026-06-20 14:44:47 [INFO] [pipeline] 단계 완료: [단계 1] 테스트 데이터 생성
2026-06-20 14:44:47 [INFO] [pipeline] 단계 시작: [단계 2] 데이터 무결성 검증
2026-06-20 14:44:48 [INFO] [pipeline] 단계 완료: [단계 2] 데이터 무결성 검증
2026-06-20 14:44:48 [INFO] [pipeline] 단계 시작: [단계 3] 마크다운 버그 리포트 생성
2026-06-20 14:44:49 [INFO] [pipeline] 단계 완료: [단계 3] 마크다운 버그 리포트 생성
2026-06-20 14:44:49 [INFO] [pipeline] 단계 시작: [단계 4] 엑셀 리포트 생성
2026-06-20 14:44:51 [INFO] [pipeline] 단계 완료: [단계 4] 엑셀 리포트 생성
2026-06-20 14:44:51 [INFO] [pipeline] 단계 시작: [단계 5] 로그 분석
2026-06-20 14:44:52 [INFO] [pipeline] 단계 완료: [단계 5] 로그 분석
2026-06-20 14:44:52 [INFO] [pipeline] 파이프라인 종료 - 성공: 6 / 실패: 0 / 시간: 8.1초
